<html>
<body>
<pre>
<h1>µVision Build Log</h1>
<h2>Tool Versions:</h2>
IDE-Version: µVision V5.24.2.0
Copyright (C) 2017 ARM Ltd and ARM Germany GmbH. All rights reserved.
License Information: Nicholas Herrmann, NCSU, LIC=----
 
Tool Versions:
Toolchain:       MDK-Lite  Version: 5.24.1
Toolchain Path:  D:\MDK\ARM\ARMCC\Bin
C Compiler:      Armcc.exe V5.06 update 5 (build 528)
Assembler:       Armasm.exe V5.06 update 5 (build 528)
Linker/Locator:  ArmLink.exe V5.06 update 5 (build 528)
Library Manager: ArmAr.exe V5.06 update 5 (build 528)
Hex Converter:   FromElf.exe V5.06 update 5 (build 528)
CPU DLL:         SARMCM3.DLL V5.24.1
Dialog DLL:      DARMCM1.DLL V1.18.0.0
Target DLL:      PEMicro\Pemicro_ArmCortexInterface.dll V1.11
Dialog DLL:      TARMCM1.DLL V1.13.0.0
 
<h2>Project:</h2>
D:\NCSU\ECE 592\ECE-592\Project 2\ulibSD.uvprojx
Project File Date:  06/17/2018

<h2>Output:</h2>
*** Using Compiler 'V5.06 update 5 (build 528)', folder: 'D:\MDK\ARM\ARMCC\Bin'
Build target 'Target 1'
compiling sd_io.c...
Source\sd_io.c(433): warning:  #1441-D: nonstandard cast on lvalue
                 ((BYTE *) dat)++;
Source\sd_io.c(541): warning:  #1441-D: nonstandard cast on lvalue
  							 ((BYTE *) dat)++;
Source\sd_io.c: 2 warnings, 0 errors
linking...
Program Size: Code=3532 RO-data=224 RW-data=28 ZI-data=1644  
".\Objects\ulibSD.axf" - 0 Error(s), 2 Warning(s).

<h2>Software Packages used:</h2>

Package Vendor: ARM
                http://www.keil.com/pack/ARM.CMSIS.5.0.1.pack
                ARM.CMSIS.5.0.1
                CMSIS (Cortex Microcontroller Software Interface Standard)
   * Component: CORE Version: 5.0.1

Package Vendor: Keil
                http://www.keil.com/pack/Keil.Kinetis_KLxx_DFP.1.14.0.pack
                Keil.Kinetis_KLxx_DFP.1.14.0
                NXP Kinetis KLxx Series Device Support and Examples
   * Component: Startup Version: 2.5.0

<h2>Collection of Component include folders:</h2>
  .\RTE\Device\MKL25Z128xxx4
  .\RTE\_Target_1
  D:\MDK\ARM\PACK\ARM\CMSIS\5.0.1\CMSIS\Include
  D:\MDK\ARM\PACK\Keil\Kinetis_KLxx_DFP\1.14.0\Device\Include

<h2>Collection of Component Files used:</h2>

   * Component: Keil::Device:Startup:2.5.0
      Source file:   Device\Source\ARM\startup_MKL25Z4.s
      Include file:  Device\Source\system_MKL25Z4.h
      Source file:   Device\Source\system_MKL25Z4.c

   * Component: ARM::CMSIS:CORE:5.0.1
Build Time Elapsed:  00:00:02
</pre>
</body>
</html>
