Component: ARM Compiler 5.06 update 5 (build 528) Tool: armlink [4d35e2]

==============================================================================

Section Cross References

    sd_io.o(i.SD_Init) refers to spi_io.o(i.SPI_Init) for SPI_Init
    sd_io.o(i.SD_Init) refers to spi_io.o(i.SPI_CS_High) for SPI_CS_High
    sd_io.o(i.SD_Init) refers to spi_io.o(i.SPI_Freq_Low) for SPI_Freq_Low
    sd_io.o(i.SD_Init) refers to spi_io.o(i.SPI_RW) for SPI_RW
    sd_io.o(i.SD_Init) refers to spi_io.o(i.SPI_Timer_On) for SPI_Timer_On
    sd_io.o(i.SD_Init) refers to spi_io.o(i.SPI_Timer_Status) for SPI_Timer_Status
    sd_io.o(i.SD_Init) refers to spi_io.o(i.SPI_Timer_Off) for SPI_Timer_Off
    sd_io.o(i.SD_Init) refers to sd_io.o(i.__SD_Send_Cmd) for __SD_Send_Cmd
    sd_io.o(i.SD_Init) refers to sd_io.o(i.__SD_Sectors) for __SD_Sectors
    sd_io.o(i.SD_Init) refers to sd_io.o(i.__SD_Speed_Transfer) for __SD_Speed_Transfer
    sd_io.o(i.SD_Init) refers to spi_io.o(i.SPI_Release) for SPI_Release
    sd_io.o(i.SD_Read) refers to sd_io.o(i.__SD_Send_Cmd) for __SD_Send_Cmd
    sd_io.o(i.SD_Read) refers to spi_io.o(i.SPI_Timer_On) for SPI_Timer_On
    sd_io.o(i.SD_Read) refers to spi_io.o(i.SPI_RW) for SPI_RW
    sd_io.o(i.SD_Read) refers to spi_io.o(i.SPI_Timer_Status) for SPI_Timer_Status
    sd_io.o(i.SD_Read) refers to spi_io.o(i.SPI_Timer_Off) for SPI_Timer_Off
    sd_io.o(i.SD_Read) refers to spi_io.o(i.SPI_Release) for SPI_Release
    sd_io.o(i.SD_Status) refers to sd_io.o(i.__SD_Send_Cmd) for __SD_Send_Cmd
    sd_io.o(i.SD_Write) refers to sd_io.o(i.__SD_Send_Cmd) for __SD_Send_Cmd
    sd_io.o(i.SD_Write) refers to spi_io.o(i.SPI_RW) for SPI_RW
    sd_io.o(i.SD_Write) refers to spi_io.o(i.SPI_Timer_On) for SPI_Timer_On
    sd_io.o(i.SD_Write) refers to spi_io.o(i.SPI_Timer_Status) for SPI_Timer_Status
    sd_io.o(i.SD_Write) refers to spi_io.o(i.SPI_Timer_Off) for SPI_Timer_Off
    sd_io.o(i.__SD_Sectors) refers to sd_io.o(i.__SD_Send_Cmd) for __SD_Send_Cmd
    sd_io.o(i.__SD_Sectors) refers to spi_io.o(i.SPI_RW) for SPI_RW
    sd_io.o(i.__SD_Sectors) refers to spi_io.o(i.SPI_Release) for SPI_Release
    sd_io.o(i.__SD_Sectors) refers to sd_io.o(i.__SD_Power_Of_Two) for __SD_Power_Of_Two
    sd_io.o(i.__SD_Send_Cmd) refers to spi_io.o(i.SPI_CS_High) for SPI_CS_High
    sd_io.o(i.__SD_Send_Cmd) refers to spi_io.o(i.SPI_RW) for SPI_RW
    sd_io.o(i.__SD_Send_Cmd) refers to spi_io.o(i.SPI_CS_Low) for SPI_CS_Low
    sd_io.o(i.__SD_Send_Cmd) refers to spi_io.o(i.SPI_Timer_On) for SPI_Timer_On
    sd_io.o(i.__SD_Send_Cmd) refers to spi_io.o(i.SPI_Timer_Status) for SPI_Timer_Status
    sd_io.o(i.__SD_Send_Cmd) refers to spi_io.o(i.SPI_Timer_Off) for SPI_Timer_Off
    sd_io.o(i.__SD_Speed_Transfer) refers to spi_io.o(i.SPI_Freq_High) for SPI_Freq_High
    sd_io.o(i.__SD_Speed_Transfer) refers to spi_io.o(i.SPI_Freq_Low) for SPI_Freq_Low
    spi_io.o(i.SPI_Release) refers to spi_io.o(i.SPI_RW) for SPI_RW
    cmsis_main.o(i.SD_Manager_thread) refers to rtx_delay.o(i.osDelay) for osDelay
    cmsis_main.o(i.SD_Manager_thread) refers to sd_io.o(i.SD_Init) for SD_Init
    cmsis_main.o(i.SD_Manager_thread) refers to leds.o(i.Control_RGB_LEDs) for Control_RGB_LEDs
    cmsis_main.o(i.SD_Manager_thread) refers to sd_io.o(i.SD_Write) for SD_Write
    cmsis_main.o(i.SD_Manager_thread) refers to sd_io.o(i.SD_Read) for SD_Read
    cmsis_main.o(i.SD_Manager_thread) refers to rtx_config.o(.data) for idle_counter
    cmsis_main.o(i.SD_Manager_thread) refers to cmsis_main.o(.bss) for buffer
    cmsis_main.o(i.SD_Manager_thread) refers to cmsis_main.o(.data) for sum
    cmsis_main.o(i.main) refers to system_mkl25z4.o(i.SystemCoreClockUpdate) for SystemCoreClockUpdate
    cmsis_main.o(i.main) refers to debug.o(i.Init_Debug_Signals) for Init_Debug_Signals
    cmsis_main.o(i.main) refers to leds.o(i.Init_RGB_LEDs) for Init_RGB_LEDs
    cmsis_main.o(i.main) refers to leds.o(i.Control_RGB_LEDs) for Control_RGB_LEDs
    cmsis_main.o(i.main) refers to rtx_kernel.o(i.osKernelInitialize) for osKernelInitialize
    cmsis_main.o(i.main) refers to rtx_thread.o(i.osThreadNew) for osThreadNew
    cmsis_main.o(i.main) refers to rtx_kernel.o(i.osKernelStart) for osKernelStart
    cmsis_main.o(i.main) refers to cmsis_main.o(i.SD_Manager_thread) for SD_Manager_thread
    irq_cm0.o(.text) refers to rtx_system.o(i.osRtxPendSV_Handler) for osRtxPendSV_Handler
    irq_cm0.o(.text) refers to rtx_system.o(i.osRtxTick_Handler) for osRtxTick_Handler
    irq_cm0.o(.text) refers to rtx_kernel.o(.data.os) for osRtxInfo
    irq_cm0.o(.text) refers to rtx_lib.o(.constdata) for osRtxUserSVC
    rtx_delay.o(i.osDelay) refers to rtx_evr.o(i.EvrRtxThreadDelay) for EvrRtxThreadDelay
    rtx_delay.o(i.osDelay) refers to rtx_evr.o(i.EvrRtxThreadError) for EvrRtxThreadError
    rtx_delay.o(i.osDelay) refers to rtx_delay.o(i.svcRtxDelay) for svcRtxDelay
    rtx_delay.o(i.osDelayUntil) refers to rtx_evr.o(i.EvrRtxThreadDelayUntil) for EvrRtxThreadDelayUntil
[...]
    RTE\\Device\\MKL25Z128xxx4\\system_MKL25Z4.c 0x00000000   Number         0  system_mkl25z4.o ABSOLUTE
    Source\LEDs.c                            0x00000000   Number         0  leds.o ABSOLUTE
    Source\\LEDs.c                           0x00000000   Number         0  leds.o ABSOLUTE
    Source\\cmsis_main.c                     0x00000000   Number         0  cmsis_main.o ABSOLUTE
    Source\\debug.c                          0x00000000   Number         0  debug.o ABSOLUTE
    Source\\main.c                           0x00000000   Number         0  main.o ABSOLUTE
    Source\\sd_io.c                          0x00000000   Number         0  sd_io.o ABSOLUTE
    Source\\spi_io.c                         0x00000000   Number         0  spi_io.o ABSOLUTE
    Source\cmsis_main.c                      0x00000000   Number         0  cmsis_main.o ABSOLUTE
    Source\debug.c                           0x00000000   Number         0  debug.o ABSOLUTE
    Source\main.c                            0x00000000   Number         0  main.o ABSOLUTE
    Source\sd_io.c                           0x00000000   Number         0  sd_io.o ABSOLUTE
    Source\spi_io.c                          0x00000000   Number         0  spi_io.o ABSOLUTE
    dc.s                                     0x00000000   Number         0  dc.o ABSOLUTE
    !!!main                                  0x000000c0   Section        8  __main.o(!!!main)
    !!!scatter                               0x000000c8   Section       60  __scatter.o(!!!scatter)
    !!handler_zi                             0x00000104   Section       28  __scatter_zi.o(!!handler_zi)
    .ARM.Collect$$libinit$$00000000          0x00000120   Section        2  libinit.o(.ARM.Collect$$libinit$$00000000)
    .ARM.Collect$$libinit$$00000002          0x00000122   Section        0  libinit2.o(.ARM.Collect$$libinit$$00000002)
    .ARM.Collect$$libinit$$00000004          0x00000122   Section        0  libinit2.o(.ARM.Collect$$libinit$$00000004)
    .ARM.Collect$$libinit$$0000000A          0x00000122   Section        0  libinit2.o(.ARM.Collect$$libinit$$0000000A)
    .ARM.Collect$$libinit$$0000000C          0x00000122   Section        0  libinit2.o(.ARM.Collect$$libinit$$0000000C)
    .ARM.Collect$$libinit$$0000000E          0x00000122   Section        0  libinit2.o(.ARM.Collect$$libinit$$0000000E)
    .ARM.Collect$$libinit$$00000011          0x00000122   Section        0  libinit2.o(.ARM.Collect$$libinit$$00000011)
    .ARM.Collect$$libinit$$00000013          0x00000122   Section        0  libinit2.o(.ARM.Collect$$libinit$$00000013)
    .ARM.Collect$$libinit$$00000015          0x00000122   Section        0  libinit2.o(.ARM.Collect$$libinit$$00000015)
    .ARM.Collect$$libinit$$00000017          0x00000122   Section        0  libinit2.o(.ARM.Collect$$libinit$$00000017)
    .ARM.Collect$$libinit$$00000019          0x00000122   Section        0  libinit2.o(.ARM.Collect$$libinit$$00000019)
    .ARM.Collect$$libinit$$0000001B          0x00000122   Section        0  libinit2.o(.ARM.Collect$$libinit$$0000001B)
    .ARM.Collect$$libinit$$0000001D          0x00000122   Section        0  libinit2.o(.ARM.Collect$$libinit$$0000001D)
    .ARM.Collect$$libinit$$0000001F          0x00000122   Section        0  libinit2.o(.ARM.Collect$$libinit$$0000001F)
    .ARM.Collect$$libinit$$00000021          0x00000122   Section        0  libinit2.o(.ARM.Collect$$libinit$$00000021)
    .ARM.Collect$$libinit$$00000023          0x00000122   Section        0  libinit2.o(.ARM.Collect$$libinit$$00000023)
    .ARM.Collect$$libinit$$00000025          0x00000122   Section        0  libinit2.o(.ARM.Collect$$libinit$$00000025)
    .ARM.Collect$$libinit$$0000002C          0x00000122   Section        0  libinit2.o(.ARM.Collect$$libinit$$0000002C)
    .ARM.Collect$$libinit$$0000002E          0x00000122   Section        0  libinit2.o(.ARM.Collect$$libinit$$0000002E)
    .ARM.Collect$$libinit$$00000030          0x00000122   Section        0  libinit2.o(.ARM.Collect$$libinit$$00000030)
    .ARM.Collect$$libinit$$00000032          0x00000122   Section        0  libinit2.o(.ARM.Collect$$libinit$$00000032)
    .ARM.Collect$$libinit$$00000033          0x00000122   Section        2  libinit2.o(.ARM.Collect$$libinit$$00000033)
    .ARM.Collect$$libshutdown$$00000000      0x00000124   Section        2  libshutdown.o(.ARM.Collect$$libshutdown$$00000000)
    .ARM.Collect$$libshutdown$$00000002      0x00000126   Section        0  libshutdown2.o(.ARM.Collect$$libshutdown$$00000002)
    .ARM.Collect$$libshutdown$$00000004      0x00000126   Section        0  libshutdown2.o(.ARM.Collect$$libshutdown$$00000004)
    .ARM.Collect$$libshutdown$$00000007      0x00000126   Section        0  libshutdown2.o(.ARM.Collect$$libshutdown$$00000007)
    .ARM.Collect$$libshutdown$$0000000A      0x00000126   Section        0  libshutdown2.o(.ARM.Collect$$libshutdown$$0000000A)
    .ARM.Collect$$libshutdown$$0000000C      0x00000126   Section        0  libshutdown2.o(.ARM.Collect$$libshutdown$$0000000C)
    .ARM.Collect$$libshutdown$$0000000F      0x00000126   Section        0  libshutdown2.o(.ARM.Collect$$libshutdown$$0000000F)
    .ARM.Collect$$libshutdown$$00000010      0x00000126   Section        2  libshutdown2.o(.ARM.Collect$$libshutdown$$00000010)
    .ARM.Collect$$rtentry$$00000000          0x00000128   Section        0  __rtentry.o(.ARM.Collect$$rtentry$$00000000)
    .ARM.Collect$$rtentry$$00000002          0x00000128   Section        0  __rtentry2.o(.ARM.Collect$$rtentry$$00000002)
    .ARM.Collect$$rtentry$$00000004          0x00000128   Section        6  __rtentry4.o(.ARM.Collect$$rtentry$$00000004)
    .ARM.Collect$$rtentry$$00000008          0x0000012e   Section        8  __rtentry2.o(.ARM.Collect$$rtentry$$00000008)
    .ARM.Collect$$rtentry$$0000000A          0x00000136   Section        4  __rtentry2.o(.ARM.Collect$$rtentry$$0000000A)
    .ARM.Collect$$rtentry$$0000000C          0x0000013a   Section        0  __rtentry2.o(.ARM.Collect$$rtentry$$0000000C)
    .ARM.Collect$$rtentry$$0000000D          0x0000013a   Section        8  __rtentry2.o(.ARM.Collect$$rtentry$$0000000D)
    .ARM.Collect$$rtexit$$00000000           0x00000142   Section        2  rtexit.o(.ARM.Collect$$rtexit$$00000000)
    .ARM.Collect$$rtexit$$00000002           0x00000144   Section        0  rtexit2.o(.ARM.Collect$$rtexit$$00000002)
    .ARM.Collect$$rtexit$$00000003           0x00000144   Section        4  rtexit2.o(.ARM.Collect$$rtexit$$00000003)
    .ARM.Collect$$rtexit$$00000004           0x00000148   Section        6  rtexit2.o(.ARM.Collect$$rtexit$$00000004)
    .emb_text                                0x00000150   Section       56  rt_memcpy.o(.emb_text)
    .text                                    0x00000188   Section      152  irq_cm0.o(.text)
    .text                                    0x00000220   Section       64  startup_mkl25z4.o(.text)
    .text                                    0x00000260   Section        0  rt_memcpy.o(.text)
    .text                                    0x000002e2   Section        0  rt_memclr.o(.text)
    .text                                    0x00000322   Section        0  heapauxi.o(.text)
    .text                                    0x00000328   Section       62  sys_stackheap_outer.o(.text)
    .text                                    0x00000366   Section        0  exit.o(.text)
    .text                                    0x00000378   Section        8  libspace.o(.text)
    .text                                    0x00000380   Section        0  sys_exit.o(.text)
    .text                                    0x0000038c   Section        2  use_no_semi.o(.text)
    .text                                    0x0000038e   Section        0  indicate_semi.o(.text)
    .text                                    0x0000038e   Section        0  __dczerorl.o(.text)
    i.EvrRtxEventFlagsWaitTimeout            0x000003c8   Section        0  rtx_evr.o(i.EvrRtxEventFlagsWaitTimeout)
    i.EvrRtxKernelError                      0x000003ca   Section        0  rtx_evr.o(i.EvrRtxKernelError)
    i.EvrRtxKernelGetState                   0x000003cc   Section        0  rtx_evr.o(i.EvrRtxKernelGetState)
    i.EvrRtxKernelInitialize                 0x000003ce   Section        0  rtx_evr.o(i.EvrRtxKernelInitialize)
    i.EvrRtxKernelInitializeCompleted        0x000003d0   Section        0  rtx_evr.o(i.EvrRtxKernelInitializeCompleted)
    i.EvrRtxKernelStart                      0x000003d2   Section        0  rtx_evr.o(i.EvrRtxKernelStart)
    i.EvrRtxKernelStarted                    0x000003d4   Section        0  rtx_evr.o(i.EvrRtxKernelStarted)
    i.EvrRtxMemoryAlloc                      0x000003d6   Section        0  rtx_evr.o(i.EvrRtxMemoryAlloc)
    i.EvrRtxMemoryBlockAlloc                 0x000003d8   Section        0  rtx_evr.o(i.EvrRtxMemoryBlockAlloc)
    i.EvrRtxMemoryBlockFree                  0x000003da   Section        0  rtx_evr.o(i.EvrRtxMemoryBlockFree)
    i.EvrRtxMemoryBlockInit                  0x000003dc   Section        0  rtx_evr.o(i.EvrRtxMemoryBlockInit)
    i.EvrRtxMemoryFree                       0x000003de   Section        0  rtx_evr.o(i.EvrRtxMemoryFree)
    i.EvrRtxMemoryInit                       0x000003e0   Section        0  rtx_evr.o(i.EvrRtxMemoryInit)
    i.EvrRtxMemoryPoolAllocTimeout           0x000003e2   Section        0  rtx_evr.o(i.EvrRtxMemoryPoolAllocTimeout)
    i.EvrRtxMessageQueueError                0x000003e4   Section        0  rtx_evr.o(i.EvrRtxMessageQueueError)
    i.EvrRtxMessageQueueGetTimeout           0x000003e6   Section        0  rtx_evr.o(i.EvrRtxMessageQueueGetTimeout)
    i.EvrRtxMessageQueueInsertPending        0x000003e8   Section        0  rtx_evr.o(i.EvrRtxMessageQueueInsertPending)
    i.EvrRtxMessageQueueInserted             0x000003ea   Section        0  rtx_evr.o(i.EvrRtxMessageQueueInserted)
    i.EvrRtxMessageQueueNotInserted          0x000003ec   Section        0  rtx_evr.o(i.EvrRtxMessageQueueNotInserted)
    i.EvrRtxMessageQueuePut                  0x000003ee   Section        0  rtx_evr.o(i.EvrRtxMessageQueuePut)
    i.EvrRtxMessageQueuePutPending           0x000003f0   Section        0  rtx_evr.o(i.EvrRtxMessageQueuePutPending)
    i.EvrRtxMessageQueuePutTimeout           0x000003f2   Section        0  rtx_evr.o(i.EvrRtxMessageQueuePutTimeout)
    i.EvrRtxMessageQueueRetrieved            0x000003f4   Section        0  rtx_evr.o(i.EvrRtxMessageQueueRetrieved)
    i.EvrRtxMutexAcquire                     0x000003f6   Section        0  rtx_evr.o(i.EvrRtxMutexAcquire)
    i.EvrRtxMutexAcquirePending              0x000003f8   Section        0  rtx_evr.o(i.EvrRtxMutexAcquirePending)
    i.EvrRtxMutexAcquireTimeout              0x000003fa   Section        0  rtx_evr.o(i.EvrRtxMutexAcquireTimeout)
    i.EvrRtxMutexAcquired                    0x000003fc   Section        0  rtx_evr.o(i.EvrRtxMutexAcquired)
    i.EvrRtxMutexCreated                     0x000003fe   Section        0  rtx_evr.o(i.EvrRtxMutexCreated)
    .ARM.__at_0x400                          0x00000400   Section       16  startup_mkl25z4.o(.ARM.__at_0x400)
    .text                                    0x00000410   Section      346  aeabi_sdiv.o(.text)
    i.Control_RGB_LEDs                       0x0000056c   Section        0  leds.o(i.Control_RGB_LEDs)
    i.EvrRtxMutexDelete                      0x000005b8   Section        0  rtx_evr.o(i.EvrRtxMutexDelete)
    i.EvrRtxMutexDestroyed                   0x000005ba   Section        0  rtx_evr.o(i.EvrRtxMutexDestroyed)
    i.EvrRtxMutexError                       0x000005bc   Section        0  rtx_evr.o(i.EvrRtxMutexError)
    i.EvrRtxMutexNew                         0x000005be   Section        0  rtx_evr.o(i.EvrRtxMutexNew)
    i.EvrRtxMutexNotAcquired                 0x000005c0   Section        0  rtx_evr.o(i.EvrRtxMutexNotAcquired)
    i.EvrRtxMutexRelease                     0x000005c2   Section        0  rtx_evr.o(i.EvrRtxMutexRelease)
    i.EvrRtxMutexReleased                    0x000005c4   Section        0  rtx_evr.o(i.EvrRtxMutexReleased)
    i.EvrRtxSemaphoreAcquireTimeout          0x000005c6   Section        0  rtx_evr.o(i.EvrRtxSemaphoreAcquireTimeout)
    i.EvrRtxThreadBlocked                    0x000005c8   Section        0  rtx_evr.o(i.EvrRtxThreadBlocked)
    i.EvrRtxThreadCreated                    0x000005ca   Section        0  rtx_evr.o(i.EvrRtxThreadCreated)
    i.EvrRtxThreadDelay                      0x000005cc   Section        0  rtx_evr.o(i.EvrRtxThreadDelay)
    i.EvrRtxThreadDelayCompleted             0x000005ce   Section        0  rtx_evr.o(i.EvrRtxThreadDelayCompleted)
    i.EvrRtxThreadDestroyed                  0x000005d0   Section        0  rtx_evr.o(i.EvrRtxThreadDestroyed)
    i.EvrRtxThreadError                      0x000005d2   Section        0  rtx_evr.o(i.EvrRtxThreadError)
    i.EvrRtxThreadExit                       0x000005d4   Section        0  rtx_evr.o(i.EvrRtxThreadExit)
    i.EvrRtxThreadFlagsWaitCompleted         0x000005d6   Section        0  rtx_evr.o(i.EvrRtxThreadFlagsWaitCompleted)
    i.EvrRtxThreadFlagsWaitTimeout           0x000005d8   Section        0  rtx_evr.o(i.EvrRtxThreadFlagsWaitTimeout)
    i.EvrRtxThreadJoined                     0x000005da   Section        0  rtx_evr.o(i.EvrRtxThreadJoined)
    i.EvrRtxThreadNew                        0x000005dc   Section        0  rtx_evr.o(i.EvrRtxThreadNew)
    i.EvrRtxThreadSwitch                     0x000005de   Section        0  rtx_evr.o(i.EvrRtxThreadSwitch)
    i.EvrRtxThreadUnblocked                  0x000005e0   Section        0  rtx_evr.o(i.EvrRtxThreadUnblocked)
    i.ExtTick_EnableIRQ                      0x000005e4   Section        0  rtx_kernel.o(i.ExtTick_EnableIRQ)
    ExtTick_EnableIRQ                        0x000005e5   Thumb Code    20  rtx_kernel.o(i.ExtTick_EnableIRQ)
    i.Init_Debug_Signals                     0x000005fc   Section        0  debug.o(i.Init_Debug_Signals)
    i.Init_RGB_LEDs                          0x000006e4   Section        0  leds.o(i.Init_RGB_LEDs)
    i.MessageQueuePut                        0x00000770   Section        0  rtx_msgqueue.o(i.MessageQueuePut)
    MessageQueuePut                          0x00000771   Thumb Code    94  rtx_msgqueue.o(i.MessageQueuePut)
    i.SD_Init                                0x000007d0   Section        0  sd_io.o(i.SD_Init)
    i.SD_Manager_thread                      0x000009d4   Section        0  cmsis_main.o(i.SD_Manager_thread)
    i.SD_Read                                0x00000b10   Section        0  sd_io.o(i.SD_Read)
    i.SD_Write                               0x00000bc8   Section        0  sd_io.o(i.SD_Write)
    i.SPI_CS_High                            0x00000c84   Section        0  spi_io.o(i.SPI_CS_High)
    i.SPI_CS_Low                             0x00000c98   Section        0  spi_io.o(i.SPI_CS_Low)
    i.SPI_Freq_High                          0x00000cac   Section        0  spi_io.o(i.SPI_Freq_High)
    i.SPI_Freq_Low                           0x00000cb8   Section        0  spi_io.o(i.SPI_Freq_Low)
    i.SPI_Init                               0x00000cc4   Section        0  spi_io.o(i.SPI_Init)
    i.SPI_RW                                 0x00000d24   Section        0  spi_io.o(i.SPI_RW)
    i.SPI_Release                            0x00000d74   Section        0  spi_io.o(i.SPI_Release)
    i.SPI_Timer_Off                          0x00000d90   Section        0  spi_io.o(i.SPI_Timer_Off)
    i.SPI_Timer_On                           0x00000d9c   Section        0  spi_io.o(i.SPI_Timer_On)
    i.SPI_Timer_Status                       0x00000dc4   Section        0  spi_io.o(i.SPI_Timer_Status)
    i.SystemCoreClockUpdate                  0x00000dd4   Section        0  system_mkl25z4.o(i.SystemCoreClockUpdate)
    i.SystemInit                             0x00000f64   Section        0  system_mkl25z4.o(i.SystemInit)
    i.ThreadFlagsCheck                       0x0000109c   Section        0  rtx_thread.o(i.ThreadFlagsCheck)
    ThreadFlagsCheck                         0x0000109d   Thumb Code   118  rtx_thread.o(i.ThreadFlagsCheck)
    i.TimerInsert                            0x00001114   Section        0  rtx_timer.o(i.TimerInsert)
    TimerInsert                              0x00001115   Thumb Code    64  rtx_timer.o(i.TimerInsert)
    i.TimerUnlink                            0x00001158   Section        0  rtx_timer.o(i.TimerUnlink)
    TimerUnlink                              0x00001159   Thumb Code    20  rtx_timer.o(i.TimerUnlink)
    i.__ARM_common_switch8                   0x00001170   Section        0  rtx_system.o(i.__ARM_common_switch8)
    i.__SD_Power_Of_Two                      0x0000118c   Section        0  sd_io.o(i.__SD_Power_Of_Two)
    i.__SD_Sectors                           0x000011a0   Section        0  sd_io.o(i.__SD_Sectors)
    i.__SD_Send_Cmd                          0x00001288   Section        0  sd_io.o(i.__SD_Send_Cmd)
    i.__SD_Speed_Transfer                    0x0000134c   Section        0  sd_io.o(i.__SD_Speed_Transfer)
    i.__get_CONTROL                          0x00001360   Section        0  rtx_kernel.o(i.__get_CONTROL)
    __get_CONTROL                            0x00001361   Thumb Code     6  rtx_kernel.o(i.__get_CONTROL)
    i.__get_IPSR                             0x00001366   Section        0  rtx_kernel.o(i.__get_IPSR)
    __get_IPSR                               0x00001367   Thumb Code     6  rtx_kernel.o(i.__get_IPSR)
    i.__get_IPSR                             0x0000136c   Section        0  rtx_msgqueue.o(i.__get_IPSR)
    __get_IPSR                               0x0000136d   Thumb Code     6  rtx_msgqueue.o(i.__get_IPSR)
    i.__get_IPSR                             0x00001372   Section        0  rtx_mutex.o(i.__get_IPSR)
    __get_IPSR                               0x00001373   Thumb Code     6  rtx_mutex.o(i.__get_IPSR)
    i.__get_IPSR                             0x00001378   Section        0  rtx_thread.o(i.__get_IPSR)
    __get_IPSR                               0x00001379   Thumb Code     6  rtx_thread.o(i.__get_IPSR)
    i.__get_PRIMASK                          0x0000137e   Section        0  rtx_kernel.o(i.__get_PRIMASK)
    __get_PRIMASK                            0x0000137f   Thumb Code     6  rtx_kernel.o(i.__get_PRIMASK)
    i.__get_PRIMASK                          0x00001384   Section        0  rtx_mempool.o(i.__get_PRIMASK)
    __get_PRIMASK                            0x00001385   Thumb Code     6  rtx_mempool.o(i.__get_PRIMASK)
    i.__get_PRIMASK                          0x0000138a   Section        0  rtx_msgqueue.o(i.__get_PRIMASK)
    __get_PRIMASK                            0x0000138b   Thumb Code     6  rtx_msgqueue.o(i.__get_PRIMASK)
    i.__get_PRIMASK                          0x00001390   Section        0  rtx_mutex.o(i.__get_PRIMASK)
    __get_PRIMASK                            0x00001391   Thumb Code     6  rtx_mutex.o(i.__get_PRIMASK)
    i.__get_PRIMASK                          0x00001396   Section        0  rtx_thread.o(i.__get_PRIMASK)
    __get_PRIMASK                            0x00001397   Thumb Code     6  rtx_thread.o(i.__get_PRIMASK)
    i._mutex_acquire                         0x0000139c   Section        0  rtx_lib.o(i._mutex_acquire)
    __tagsym$$used                           0x0000139d   Number         0  rtx_lib.o(i._mutex_acquire)
    i._mutex_free                            0x000013b4   Section        0  rtx_lib.o(i._mutex_free)
    __tagsym$$used                           0x000013b5   Number         0  rtx_lib.o(i._mutex_free)
    i._mutex_initialize                      0x000013c0   Section        0  rtx_lib.o(i._mutex_initialize)
    __tagsym$$used                           0x000013c1   Number         0  rtx_lib.o(i._mutex_initialize)
    i._mutex_release                         0x000013e2   Section        0  rtx_lib.o(i._mutex_release)
    __tagsym$$used                           0x000013e3   Number         0  rtx_lib.o(i._mutex_release)
    i._platform_post_stackheap_init          0x000013f6   Section        0  rtx_lib.o(i._platform_post_stackheap_init)
    i.isrRtxMessageQueuePut                  0x000013fe   Section        0  rtx_msgqueue.o(i.isrRtxMessageQueuePut)
    isrRtxMessageQueuePut                    0x000013ff   Thumb Code   154  rtx_msgqueue.o(i.isrRtxMessageQueuePut)
    i.isr_queue_get                          0x00001498   Section        0  rtx_system.o(i.isr_queue_get)
    isr_queue_get                            0x00001499   Thumb Code    90  rtx_system.o(i.isr_queue_get)
    i.isr_queue_put                          0x000014f8   Section        0  rtx_system.o(i.isr_queue_put)
    isr_queue_put                            0x000014f9   Thumb Code    94  rtx_system.o(i.isr_queue_put)
    i.main                                   0x0000155c   Section        0  cmsis_main.o(i.main)
    i.osDelay                                0x0000158c   Section        0  rtx_delay.o(i.osDelay)
    i.osKernelGetState                       0x000015cc   Section        0  rtx_kernel.o(i.osKernelGetState)
    i.osKernelInitialize                     0x0000160c   Section        0  rtx_kernel.o(i.osKernelInitialize)
    i.osKernelStart                          0x00001660   Section        0  rtx_kernel.o(i.osKernelStart)
    i.osMessageQueuePut                      0x000016b4   Section        0  rtx_msgqueue.o(i.osMessageQueuePut)
    i.osMutexAcquire                         0x00001704   Section        0  rtx_mutex.o(i.osMutexAcquire)
    i.osMutexDelete                          0x00001744   Section        0  rtx_mutex.o(i.osMutexDelete)
    i.osMutexNew                             0x00001780   Section        0  rtx_mutex.o(i.osMutexNew)
    i.osMutexRelease                         0x000017dc   Section        0  rtx_mutex.o(i.osMutexRelease)
    i.osRtxErrorNotify                       0x00001818   Section        0  rtx_config.o(i.osRtxErrorNotify)
    i.osRtxIdleThread                        0x00001838   Section        0  rtx_config.o(i.osRtxIdleThread)
    i.osRtxKernelGetState                    0x00001858   Section        0  rtx_thread.o(i.osRtxKernelGetState)
    osRtxKernelGetState                      0x00001859   Thumb Code     6  rtx_thread.o(i.osRtxKernelGetState)
    i.osRtxMemoryAlloc                       0x00001864   Section        0  rtx_memory.o(i.osRtxMemoryAlloc)
    i.osRtxMemoryFree                        0x00001916   Section        0  rtx_memory.o(i.osRtxMemoryFree)
    i.osRtxMemoryInit                        0x00001984   Section        0  rtx_memory.o(i.osRtxMemoryInit)
    i.osRtxMemoryPoolAlloc                   0x000019da   Section        0  rtx_mempool.o(i.osRtxMemoryPoolAlloc)
    i.osRtxMemoryPoolFree                    0x00001a24   Section        0  rtx_mempool.o(i.osRtxMemoryPoolFree)
    i.osRtxMemoryPoolInit                    0x00001a82   Section        0  rtx_mempool.o(i.osRtxMemoryPoolInit)
    i.osRtxMutexOwnerRelease                 0x00001ad8   Section        0  rtx_mutex.o(i.osRtxMutexOwnerRelease)
    i.osRtxPendSV_Handler                    0x00001b30   Section        0  rtx_system.o(i.osRtxPendSV_Handler)
    i.osRtxPostProcess                       0x00001b98   Section        0  rtx_system.o(i.osRtxPostProcess)
    i.osRtxSysTimerAckIRQ                    0x00001bd8   Section        0  rtx_system.o(i.osRtxSysTimerAckIRQ)
    i.osRtxSysTimerEnable                    0x00001be4   Section        0  rtx_system.o(i.osRtxSysTimerEnable)
    i.osRtxSysTimerSetup                     0x00001bf4   Section        0  rtx_system.o(i.osRtxSysTimerSetup)
    i.osRtxThreadBlock                       0x00001c34   Section        0  rtx_thread.o(i.osRtxThreadBlock)
    i.osRtxThreadDelayInsert                 0x00001c68   Section        0  rtx_thread.o(i.osRtxThreadDelayInsert)
    i.osRtxThreadDelayRemove                 0x00001cdc   Section        0  rtx_thread.o(i.osRtxThreadDelayRemove)
    i.osRtxThreadDelayTick                   0x00001d64   Section        0  rtx_thread.o(i.osRtxThreadDelayTick)
    i.osRtxThreadDispatch                    0x00001e48   Section        0  rtx_thread.o(i.osRtxThreadDispatch)
    i.osRtxThreadFree                        0x00001eb8   Section        0  rtx_thread.o(i.osRtxThreadFree)
    osRtxThreadFree                          0x00001eb9   Thumb Code   100  rtx_thread.o(i.osRtxThreadFree)
    i.osRtxThreadGetRunning                  0x00001f20   Section        0  rtx_thread.o(i.osRtxThreadGetRunning)
    osRtxThreadGetRunning                    0x00001f21   Thumb Code     6  rtx_thread.o(i.osRtxThreadGetRunning)
    i.osRtxThreadListGet                     0x00001f2c   Section        0  rtx_thread.o(i.osRtxThreadListGet)
    i.osRtxThreadListPut                     0x00001f48   Section        0  rtx_thread.o(i.osRtxThreadListPut)
    i.osRtxThreadListRemove                  0x00001f7c   Section        0  rtx_thread.o(i.osRtxThreadListRemove)
    i.osRtxThreadListRoot                    0x00001f9a   Section        0  rtx_thread.o(i.osRtxThreadListRoot)
    i.osRtxThreadListSort                    0x00001faa   Section        0  rtx_thread.o(i.osRtxThreadListSort)
    i.osRtxThreadPostProcess                 0x00001fd4   Section        0  rtx_thread.o(i.osRtxThreadPostProcess)
    i.osRtxThreadReadyPut                    0x00002018   Section        0  rtx_thread.o(i.osRtxThreadReadyPut)
    i.osRtxThreadRegPtr                      0x00002030   Section        0  rtx_thread.o(i.osRtxThreadRegPtr)
    i.osRtxThreadSetRunning                  0x00002038   Section        0  rtx_thread.o(i.osRtxThreadSetRunning)
    osRtxThreadSetRunning                    0x00002039   Thumb Code     6  rtx_thread.o(i.osRtxThreadSetRunning)
    i.osRtxThreadStackCheck                  0x00002044   Section        0  rtx_thread.o(i.osRtxThreadStackCheck)
    i.osRtxThreadSwitch                      0x00002070   Section        0  rtx_thread.o(i.osRtxThreadSwitch)
    i.osRtxThreadWaitEnter                   0x0000208c   Section        0  rtx_thread.o(i.osRtxThreadWaitEnter)
    i.osRtxThreadWaitExit                    0x000020e4   Section        0  rtx_thread.o(i.osRtxThreadWaitExit)
    i.osRtxTick_Handler                      0x00002118   Section        0  rtx_system.o(i.osRtxTick_Handler)
    i.osRtxTimerTick                         0x000021b8   Section        0  rtx_timer.o(i.osRtxTimerTick)
    i.osThreadExit                           0x0000221c   Section        0  rtx_thread.o(i.osThreadExit)
    i.osThreadNew                            0x0000223c   Section        0  rtx_thread.o(i.osThreadNew)
    i.os_kernel_is_active                    0x000022ac   Section        0  rtx_lib.o(i.os_kernel_is_active)
    os_kernel_is_active                      0x000022ad   Thumb Code    34  rtx_lib.o(i.os_kernel_is_active)
    i.svcRtxDelay                            0x000022d4   Section        0  rtx_delay.o(i.svcRtxDelay)
    i.svcRtxKernelGetState                   0x000022ec   Section        0  rtx_kernel.o(i.svcRtxKernelGetState)
    i.svcRtxKernelInitialize                 0x00002300   Section        0  rtx_kernel.o(i.svcRtxKernelInitialize)
    i.svcRtxKernelStart                      0x000025bc   Section        0  rtx_kernel.o(i.svcRtxKernelStart)
    i.svcRtxMessageQueuePut                  0x00002680   Section        0  rtx_msgqueue.o(i.svcRtxMessageQueuePut)
    i.svcRtxMutexAcquire                     0x0000279c   Section        0  rtx_mutex.o(i.svcRtxMutexAcquire)
    i.svcRtxMutexDelete                      0x000028a0   Section        0  rtx_mutex.o(i.svcRtxMutexDelete)
    i.svcRtxMutexNew                         0x00002998   Section        0  rtx_mutex.o(i.svcRtxMutexNew)
    i.svcRtxMutexRelease                     0x00002a4c   Section        0  rtx_mutex.o(i.svcRtxMutexRelease)
    i.svcRtxThreadExit                       0x00002b74   Section        0  rtx_thread.o(i.svcRtxThreadExit)
    i.svcRtxThreadNew                        0x00002c04   Section        0  rtx_thread.o(i.svcRtxThreadNew)
    .constdata                               0x00002e9c   Section        1  irq_cm0.o(.constdata)
    .constdata                               0x00002ea0   Section      100  rtx_lib.o(.constdata)
    os_idle_thread_attr                      0x00002ea0   Data          36  rtx_lib.o(.constdata)
    os_timer_thread_attr                     0x00002ec4   Data          36  rtx_lib.o(.constdata)
    os_timer_mq_attr                         0x00002ee8   Data          24  rtx_lib.o(.constdata)
    .conststrlit                             0x00002f04   Section       11  rtx_kernel.o(.conststrlit)
    .rodata                                  0x00002f10   Section      104  rtx_lib.o(.rodata)
    __tagsym$$used                           0x00002f10   Number         0  rtx_lib.o(.rodata)
    .bss.os                                  0x1ffff000   Section     4656  rtx_lib.o(.bss.os)
    os_mem                                   0x1ffff000   Data        4096  rtx_lib.o(.bss.os)
    os_isr_queue                             0x20000000   Data          64  rtx_lib.o(.bss.os)
    os_libspace                              0x20000040   Data         480  rtx_lib.o(.bss.os)
    os_libspace_id                           0x20000220   Data          16  rtx_lib.o(.bss.os)
    .bss.os.msgqueue.cb                      0x20000230   Section       52  rtx_lib.o(.bss.os.msgqueue.cb)
    os_timer_mq_cb                           0x20000230   Data          52  rtx_lib.o(.bss.os.msgqueue.cb)
    .bss.os.msgqueue.mem                     0x20000264   Section       80  rtx_lib.o(.bss.os.msgqueue.mem)
    os_timer_mq_data                         0x20000264   Data          80  rtx_lib.o(.bss.os.msgqueue.mem)
    .bss.os.thread.cb                        0x200002b4   Section      136  rtx_lib.o(.bss.os.thread.cb)
    os_idle_thread_cb                        0x200002b4   Data          68  rtx_lib.o(.bss.os.thread.cb)
    os_timer_thread_cb                       0x200002f8   Data          68  rtx_lib.o(.bss.os.thread.cb)
    .bss.os.thread.stack                     0x20000340   Section      400  rtx_lib.o(.bss.os.thread.stack)
    os_idle_thread_stack                     0x20000340   Data         200  rtx_lib.o(.bss.os.thread.stack)
    os_timer_thread_stack                    0x20000408   Data         200  rtx_lib.o(.bss.os.thread.stack)
    .data                                    0x200004d0   Section        4  cmsis_main.o(.data)
    .data                                    0x200004d4   Section        5  rtx_lib.o(.data)
    os_kernel_active                         0x200004d8   Data           1  rtx_lib.o(.data)
    .data                                    0x200004dc   Section        4  rtx_config.o(.data)
    .data                                    0x200004e0   Section        4  system_mkl25z4.o(.data)
    .data.os                                 0x200004e8   Section      168  rtx_kernel.o(.data.os)
    .bss                                     0x20000590   Section      524  cmsis_main.o(.bss)
    .bss                                     0x2000079c   Section       96  libspace.o(.bss)
    HEAP                                     0x20000800   Section        0  startup_mkl25z4.o(HEAP)
    STACK                                    0x20000800   Section     1024  startup_mkl25z4.o(STACK)
    Heap_Mem                                 0x20000800   Data           0  startup_mkl25z4.o(HEAP)
    Stack_Mem                                0x20000800   Data        1024  startup_mkl25z4.o(STACK)
    __initial_sp                             0x20000c00   Data           0  startup_mkl25z4.o(STACK)

    Global Symbols

    Symbol Name                              Value     Ov Type        Size  Object(Section)

    BuildAttributes$$THM_ISAv3M$S$PE$A:L22$X:L11$S22$IEEE1$IW$USESV6$~STKCKD$USESV7$~SHL$OSPACE$ROPI$EBA8$UX$STANDARDLIB$REQ8$PRES8$EABIv2 0x00000000   Number         0  anon$$obj.o ABSOLUTE
    __ARM_use_no_argv                        0x00000000   Number         0  cmsis_main.o ABSOLUTE
    __Vectors                                0x00000000   Data           4  startup_mkl25z4.o(RESET)
    __ARM_exceptions_init                     - Undefined Weak Reference
    __alloca_initialize                       - Undefined Weak Reference
    __arm_preinit_                            - Undefined Weak Reference
    __cpp_initialize__aeabi_                  - Undefined Weak Reference
    __cxa_finalize                            - Undefined Weak Reference
    __rt_locale                               - Undefined Weak Reference
    __sigvec_lookup                           - Undefined Weak Reference
    _atexit_init                              - Undefined Weak Reference
    _call_atexit_fns                          - Undefined Weak Reference
    _clock_init                               - Undefined Weak Reference
    _fp_trap_init                             - Undefined Weak Reference
    _fp_trap_shutdown                         - Undefined Weak Reference
    _get_lc_collate                           - Undefined Weak Reference
    _get_lc_ctype                             - Undefined Weak Reference
    _get_lc_monetary                          - Undefined Weak Reference
    _get_lc_numeric                           - Undefined Weak Reference
    _get_lc_time                              - Undefined Weak Reference
    _getenv_init                              - Undefined Weak Reference
    _handle_redirection                       - Undefined Weak Reference
    _init_alloc                               - Undefined Weak Reference
    _init_user_alloc                          - Undefined Weak Reference
    _initio                                   - Undefined Weak Reference
    _rand_init                                - Undefined Weak Reference
    _signal_finish                            - Undefined Weak Reference
    _signal_init                              - Undefined Weak Reference
    _terminate_alloc                          - Undefined Weak Reference
    _terminate_user_alloc                     - Undefined Weak Reference
    _terminateio                              - Undefined Weak Reference
    __Vectors_End                            0x000000c0   Data           0  startup_mkl25z4.o(RESET)
    __Vectors_Size                           0x000000c0   Number         0  startup_mkl25z4.o ABSOLUTE
    __main                                   0x000000c1   Thumb Code     8  __main.o(!!!main)
    __scatterload                            0x000000c9   Thumb Code     0  __scatter.o(!!!scatter)
    __scatterload_rt2                        0x000000c9   Thumb Code    52  __scatter.o(!!!scatter)
    __scatterload_rt2_thumb_only             0x000000c9   Thumb Code     0  __scatter.o(!!!scatter)
    __scatterload_null                       0x000000d9   Thumb Code     0  __scatter.o(!!!scatter)
    __scatterload_zeroinit                   0x00000105   Thumb Code    28  __scatter_zi.o(!!handler_zi)
    __rt_lib_init                            0x00000121   Thumb Code     0  libinit.o(.ARM.Collect$$libinit$$00000000)
    __rt_lib_init_alloca_1                   0x00000123   Thumb Code     0  libinit2.o(.ARM.Collect$$libinit$$0000002E)
    __rt_lib_init_argv_1                     0x00000123   Thumb Code     0  libinit2.o(.ARM.Collect$$libinit$$0000002C)
    __rt_lib_init_atexit_1                   0x00000123   Thumb Code     0  libinit2.o(.ARM.Collect$$libinit$$0000001B)
    __rt_lib_init_clock_1                    0x00000123   Thumb Code     0  libinit2.o(.ARM.Collect$$libinit$$00000021)
    __rt_lib_init_cpp_1                      0x00000123   Thumb Code     0  libinit2.o(.ARM.Collect$$libinit$$00000032)
    __rt_lib_init_exceptions_1               0x00000123   Thumb Code     0  libinit2.o(.ARM.Collect$$libinit$$00000030)
    __rt_lib_init_fp_1                       0x00000123   Thumb Code     0  libinit2.o(.ARM.Collect$$libinit$$00000002)
    __rt_lib_init_fp_trap_1                  0x00000123   Thumb Code     0  libinit2.o(.ARM.Collect$$libinit$$0000001F)
    __rt_lib_init_getenv_1                   0x00000123   Thumb Code     0  libinit2.o(.ARM.Collect$$libinit$$00000023)
    __rt_lib_init_heap_1                     0x00000123   Thumb Code     0  libinit2.o(.ARM.Collect$$libinit$$0000000A)
    __rt_lib_init_lc_collate_1               0x00000123   Thumb Code     0  libinit2.o(.ARM.Collect$$libinit$$00000011)
    __rt_lib_init_lc_ctype_1                 0x00000123   Thumb Code     0  libinit2.o(.ARM.Collect$$libinit$$00000013)
    __rt_lib_init_lc_monetary_1              0x00000123   Thumb Code     0  libinit2.o(.ARM.Collect$$libinit$$00000015)
    __rt_lib_init_lc_numeric_1               0x00000123   Thumb Code     0  libinit2.o(.ARM.Collect$$libinit$$00000017)
    __rt_lib_init_lc_time_1                  0x00000123   Thumb Code     0  libinit2.o(.ARM.Collect$$libinit$$00000019)
    __rt_lib_init_preinit_1                  0x00000123   Thumb Code     0  libinit2.o(.ARM.Collect$$libinit$$00000004)
    __rt_lib_init_rand_1                     0x00000123   Thumb Code     0  libinit2.o(.ARM.Collect$$libinit$$0000000E)
    __rt_lib_init_return                     0x00000123   Thumb Code     0  libinit2.o(.ARM.Collect$$libinit$$00000033)
    __rt_lib_init_signal_1                   0x00000123   Thumb Code     0  libinit2.o(.ARM.Collect$$libinit$$0000001D)
    __rt_lib_init_stdio_1                    0x00000123   Thumb Code     0  libinit2.o(.ARM.Collect$$libinit$$00000025)
    __rt_lib_init_user_alloc_1               0x00000123   Thumb Code     0  libinit2.o(.ARM.Collect$$libinit$$0000000C)
    __rt_lib_shutdown                        0x00000125   Thumb Code     0  libshutdown.o(.ARM.Collect$$libshutdown$$00000000)
    __rt_lib_shutdown_cpp_1                  0x00000127   Thumb Code     0  libshutdown2.o(.ARM.Collect$$libshutdown$$00000002)
    __rt_lib_shutdown_fp_trap_1              0x00000127   Thumb Code     0  libshutdown2.o(.ARM.Collect$$libshutdown$$00000007)
    __rt_lib_shutdown_heap_1                 0x00000127   Thumb Code     0  libshutdown2.o(.ARM.Collect$$libshutdown$$0000000F)
    __rt_lib_shutdown_return                 0x00000127   Thumb Code     0  libshutdown2.o(.ARM.Collect$$libshutdown$$00000010)
    __rt_lib_shutdown_signal_1               0x00000127   Thumb Code     0  libshutdown2.o(.ARM.Collect$$libshutdown$$0000000A)
    __rt_lib_shutdown_stdio_1                0x00000127   Thumb Code     0  libshutdown2.o(.ARM.Collect$$libshutdown$$00000004)
    __rt_lib_shutdown_user_alloc_1           0x00000127   Thumb Code     0  libshutdown2.o(.ARM.Collect$$libshutdown$$0000000C)
    __rt_entry                               0x00000129   Thumb Code     0  __rtentry.o(.ARM.Collect$$rtentry$$00000000)
    __rt_entry_presh_1                       0x00000129   Thumb Code     0  __rtentry2.o(.ARM.Collect$$rtentry$$00000002)
    __rt_entry_sh                            0x00000129   Thumb Code     0  __rtentry4.o(.ARM.Collect$$rtentry$$00000004)
    __rt_entry_postsh_1                      0x0000012f   Thumb Code     0  __rtentry2.o(.ARM.Collect$$rtentry$$00000008)
    __rt_entry_li                            0x00000137   Thumb Code     0  __rtentry2.o(.ARM.Collect$$rtentry$$0000000A)
    __rt_entry_main                          0x0000013b   Thumb Code     0  __rtentry2.o(.ARM.Collect$$rtentry$$0000000D)
    __rt_entry_postli_1                      0x0000013b   Thumb Code     0  __rtentry2.o(.ARM.Collect$$rtentry$$0000000C)
    __rt_exit                                0x00000143   Thumb Code     0  rtexit.o(.ARM.Collect$$rtexit$$00000000)
    __rt_exit_ls                             0x00000145   Thumb Code     0  rtexit2.o(.ARM.Collect$$rtexit$$00000003)
    __rt_exit_prels_1                        0x00000145   Thumb Code     0  rtexit2.o(.ARM.Collect$$rtexit$$00000002)
    __rt_exit_exit                           0x00000149   Thumb Code     0  rtexit2.o(.ARM.Collect$$rtexit$$00000004)
    __aeabi_memcpy4                          0x00000151   Thumb Code    56  rt_memcpy.o(.emb_text)
    __aeabi_memcpy8                          0x00000151   Thumb Code     0  rt_memcpy.o(.emb_text)
    SVC_Handler                              0x00000189   Thumb Code   120  irq_cm0.o(.text)
    PendSV_Handler                           0x00000201   Thumb Code    12  irq_cm0.o(.text)
    SysTick_Handler                          0x0000020d   Thumb Code    12  irq_cm0.o(.text)
    Reset_Handler                            0x00000221   Thumb Code    12  startup_mkl25z4.o(.text)
    NMI_Handler                              0x0000022d   Thumb Code     2  startup_mkl25z4.o(.text)
    HardFault_Handler                        0x0000022f   Thumb Code     2  startup_mkl25z4.o(.text)
    ADC0_IRQHandler                          0x00000237   Thumb Code     0  startup_mkl25z4.o(.text)
    CMP0_IRQHandler                          0x00000237   Thumb Code     0  startup_mkl25z4.o(.text)
    DAC0_IRQHandler                          0x00000237   Thumb Code     0  startup_mkl25z4.o(.text)
    DMA0_IRQHandler                          0x00000237   Thumb Code     0  startup_mkl25z4.o(.text)
    DMA1_IRQHandler                          0x00000237   Thumb Code     0  startup_mkl25z4.o(.text)
    DMA2_IRQHandler                          0x00000237   Thumb Code     0  startup_mkl25z4.o(.text)
    DMA3_IRQHandler                          0x00000237   Thumb Code     0  startup_mkl25z4.o(.text)
    DefaultISR                               0x00000237   Thumb Code     0  startup_mkl25z4.o(.text)
    FTFA_IRQHandler                          0x00000237   Thumb Code     0  startup_mkl25z4.o(.text)
    I2C0_IRQHandler                          0x00000237   Thumb Code     0  startup_mkl25z4.o(.text)
    I2C1_IRQHandler                          0x00000237   Thumb Code     0  startup_mkl25z4.o(.text)
    LLWU_IRQHandler                          0x00000237   Thumb Code     0  startup_mkl25z4.o(.text)
    LPTMR0_IRQHandler                        0x00000237   Thumb Code     0  startup_mkl25z4.o(.text)
    LVD_LVW_IRQHandler                       0x00000237   Thumb Code     0  startup_mkl25z4.o(.text)
    MCG_IRQHandler                           0x00000237   Thumb Code     0  startup_mkl25z4.o(.text)
    PIT_IRQHandler                           0x00000237   Thumb Code     0  startup_mkl25z4.o(.text)
    PORTA_IRQHandler                         0x00000237   Thumb Code     0  startup_mkl25z4.o(.text)
    PORTD_IRQHandler                         0x00000237   Thumb Code     0  startup_mkl25z4.o(.text)
    RTC_IRQHandler                           0x00000237   Thumb Code     0  startup_mkl25z4.o(.text)
    RTC_Seconds_IRQHandler                   0x00000237   Thumb Code     0  startup_mkl25z4.o(.text)
    Reserved20_IRQHandler                    0x00000237   Thumb Code     0  startup_mkl25z4.o(.text)
    Reserved39_IRQHandler                    0x00000237   Thumb Code     0  startup_mkl25z4.o(.text)
    Reserved45_IRQHandler                    0x00000237   Thumb Code     0  startup_mkl25z4.o(.text)
    SPI0_IRQHandler                          0x00000237   Thumb Code     0  startup_mkl25z4.o(.text)
    SPI1_IRQHandler                          0x00000237   Thumb Code     0  startup_mkl25z4.o(.text)
    TPM0_IRQHandler                          0x00000237   Thumb Code     0  startup_mkl25z4.o(.text)
    TPM1_IRQHandler                          0x00000237   Thumb Code     0  startup_mkl25z4.o(.text)
    TPM2_IRQHandler                          0x00000237   Thumb Code     0  startup_mkl25z4.o(.text)
    TSI0_IRQHandler                          0x00000237   Thumb Code     0  startup_mkl25z4.o(.text)
    UART0_IRQHandler                         0x00000237   Thumb Code     0  startup_mkl25z4.o(.text)
    UART1_IRQHandler                         0x00000237   Thumb Code     0  startup_mkl25z4.o(.text)
    UART2_IRQHandler                         0x00000237   Thumb Code     0  startup_mkl25z4.o(.text)
    USB0_IRQHandler                          0x00000237   Thumb Code     0  startup_mkl25z4.o(.text)
    __user_initial_stackheap                 0x0000023d   Thumb Code     0  startup_mkl25z4.o(.text)
    __aeabi_memcpy                           0x00000261   Thumb Code   130  rt_memcpy.o(.text)
    __rt_memcpy                              0x00000261   Thumb Code     0  rt_memcpy.o(.text)
    _memset_w                                0x000002e3   Thumb Code    26  rt_memclr.o(.text)
    _memset                                  0x000002fd   Thumb Code    30  rt_memclr.o(.text)
    __aeabi_memclr                           0x0000031b   Thumb Code     4  rt_memclr.o(.text)
    __rt_memclr                              0x0000031b   Thumb Code     0  rt_memclr.o(.text)
    __aeabi_memclr4                          0x0000031f   Thumb Code     0  rt_memclr.o(.text)
    __aeabi_memclr8                          0x0000031f   Thumb Code     0  rt_memclr.o(.text)
    __rt_memclr_w                            0x0000031f   Thumb Code     4  rt_memclr.o(.text)
    __use_two_region_memory                  0x00000323   Thumb Code     2  heapauxi.o(.text)
    __rt_heap_escrow$2region                 0x00000325   Thumb Code     2  heapauxi.o(.text)
    __rt_heap_expand$2region                 0x00000327   Thumb Code     2  heapauxi.o(.text)
    __user_setup_stackheap                   0x00000329   Thumb Code    62  sys_stackheap_outer.o(.text)
    exit                                     0x00000367   Thumb Code    16  exit.o(.text)
    __user_libspace                          0x00000379   Thumb Code     8  libspace.o(.text)
    __user_perproc_libspace                  0x00000379   Thumb Code     0  libspace.o(.text)
    _sys_exit                                0x00000381   Thumb Code     8  sys_exit.o(.text)
    __I$use$semihosting                      0x0000038d   Thumb Code     0  use_no_semi.o(.text)
    __use_no_semihosting_swi                 0x0000038d   Thumb Code     2  use_no_semi.o(.text)
    __decompress                             0x0000038f   Thumb Code     0  __dczerorl.o(.text)
    __decompress0                            0x0000038f   Thumb Code    58  __dczerorl.o(.text)
    __semihosting_library_function           0x0000038f   Thumb Code     0  indicate_semi.o(.text)
    EvrRtxEventFlagsWaitTimeout              0x000003c9   Thumb Code     2  rtx_evr.o(i.EvrRtxEventFlagsWaitTimeout)
    EvrRtxKernelError                        0x000003cb   Thumb Code     2  rtx_evr.o(i.EvrRtxKernelError)
    EvrRtxKernelGetState                     0x000003cd   Thumb Code     2  rtx_evr.o(i.EvrRtxKernelGetState)
    EvrRtxKernelInitialize                   0x000003cf   Thumb Code     2  rtx_evr.o(i.EvrRtxKernelInitialize)
    EvrRtxKernelInitializeCompleted          0x000003d1   Thumb Code     2  rtx_evr.o(i.EvrRtxKernelInitializeCompleted)
    EvrRtxKernelStart                        0x000003d3   Thumb Code     2  rtx_evr.o(i.EvrRtxKernelStart)
    EvrRtxKernelStarted                      0x000003d5   Thumb Code     2  rtx_evr.o(i.EvrRtxKernelStarted)
    EvrRtxMemoryAlloc                        0x000003d7   Thumb Code     2  rtx_evr.o(i.EvrRtxMemoryAlloc)
    EvrRtxMemoryBlockAlloc                   0x000003d9   Thumb Code     2  rtx_evr.o(i.EvrRtxMemoryBlockAlloc)
    EvrRtxMemoryBlockFree                    0x000003db   Thumb Code     2  rtx_evr.o(i.EvrRtxMemoryBlockFree)
    EvrRtxMemoryBlockInit                    0x000003dd   Thumb Code     2  rtx_evr.o(i.EvrRtxMemoryBlockInit)
    EvrRtxMemoryFree                         0x000003df   Thumb Code     2  rtx_evr.o(i.EvrRtxMemoryFree)
    EvrRtxMemoryInit                         0x000003e1   Thumb Code     2  rtx_evr.o(i.EvrRtxMemoryInit)
    EvrRtxMemoryPoolAllocTimeout             0x000003e3   Thumb Code     2  rtx_evr.o(i.EvrRtxMemoryPoolAllocTimeout)
    EvrRtxMessageQueueError                  0x000003e5   Thumb Code     2  rtx_evr.o(i.EvrRtxMessageQueueError)
    EvrRtxMessageQueueGetTimeout             0x000003e7   Thumb Code     2  rtx_evr.o(i.EvrRtxMessageQueueGetTimeout)
    EvrRtxMessageQueueInsertPending          0x000003e9   Thumb Code     2  rtx_evr.o(i.EvrRtxMessageQueueInsertPending)
    EvrRtxMessageQueueInserted               0x000003eb   Thumb Code     2  rtx_evr.o(i.EvrRtxMessageQueueInserted)
    EvrRtxMessageQueueNotInserted            0x000003ed   Thumb Code     2  rtx_evr.o(i.EvrRtxMessageQueueNotInserted)
    EvrRtxMessageQueuePut                    0x000003ef   Thumb Code     2  rtx_evr.o(i.EvrRtxMessageQueuePut)
    EvrRtxMessageQueuePutPending             0x000003f1   Thumb Code     2  rtx_evr.o(i.EvrRtxMessageQueuePutPending)
    EvrRtxMessageQueuePutTimeout             0x000003f3   Thumb Code     2  rtx_evr.o(i.EvrRtxMessageQueuePutTimeout)
    EvrRtxMessageQueueRetrieved              0x000003f5   Thumb Code     2  rtx_evr.o(i.EvrRtxMessageQueueRetrieved)
    EvrRtxMutexAcquire                       0x000003f7   Thumb Code     2  rtx_evr.o(i.EvrRtxMutexAcquire)
    EvrRtxMutexAcquirePending                0x000003f9   Thumb Code     2  rtx_evr.o(i.EvrRtxMutexAcquirePending)
    EvrRtxMutexAcquireTimeout                0x000003fb   Thumb Code     2  rtx_evr.o(i.EvrRtxMutexAcquireTimeout)
    EvrRtxMutexAcquired                      0x000003fd   Thumb Code     2  rtx_evr.o(i.EvrRtxMutexAcquired)
    EvrRtxMutexCreated                       0x000003ff   Thumb Code     2  rtx_evr.o(i.EvrRtxMutexCreated)
    __aeabi_uidiv                            0x00000411   Thumb Code     0  aeabi_sdiv.o(.text)
    __aeabi_uidivmod                         0x00000411   Thumb Code    20  aeabi_sdiv.o(.text)
    __aeabi_idiv                             0x00000425   Thumb Code     0  aeabi_sdiv.o(.text)
    __aeabi_idivmod                          0x00000425   Thumb Code   326  aeabi_sdiv.o(.text)
    Control_RGB_LEDs                         0x0000056d   Thumb Code    70  leds.o(i.Control_RGB_LEDs)
    EvrRtxMutexDelete                        0x000005b9   Thumb Code     2  rtx_evr.o(i.EvrRtxMutexDelete)
    EvrRtxMutexDestroyed                     0x000005bb   Thumb Code     2  rtx_evr.o(i.EvrRtxMutexDestroyed)
    EvrRtxMutexError                         0x000005bd   Thumb Code     2  rtx_evr.o(i.EvrRtxMutexError)
    EvrRtxMutexNew                           0x000005bf   Thumb Code     2  rtx_evr.o(i.EvrRtxMutexNew)
    EvrRtxMutexNotAcquired                   0x000005c1   Thumb Code     2  rtx_evr.o(i.EvrRtxMutexNotAcquired)
    EvrRtxMutexRelease                       0x000005c3   Thumb Code     2  rtx_evr.o(i.EvrRtxMutexRelease)
    EvrRtxMutexReleased                      0x000005c5   Thumb Code     2  rtx_evr.o(i.EvrRtxMutexReleased)
    EvrRtxSemaphoreAcquireTimeout            0x000005c7   Thumb Code     2  rtx_evr.o(i.EvrRtxSemaphoreAcquireTimeout)
    EvrRtxThreadBlocked                      0x000005c9   Thumb Code     2  rtx_evr.o(i.EvrRtxThreadBlocked)
    EvrRtxThreadCreated                      0x000005cb   Thumb Code     2  rtx_evr.o(i.EvrRtxThreadCreated)
    EvrRtxThreadDelay                        0x000005cd   Thumb Code     2  rtx_evr.o(i.EvrRtxThreadDelay)
    EvrRtxThreadDelayCompleted               0x000005cf   Thumb Code     2  rtx_evr.o(i.EvrRtxThreadDelayCompleted)
    EvrRtxThreadDestroyed                    0x000005d1   Thumb Code     2  rtx_evr.o(i.EvrRtxThreadDestroyed)
    EvrRtxThreadError                        0x000005d3   Thumb Code     2  rtx_evr.o(i.EvrRtxThreadError)
    EvrRtxThreadExit                         0x000005d5   Thumb Code     2  rtx_evr.o(i.EvrRtxThreadExit)
    EvrRtxThreadFlagsWaitCompleted           0x000005d7   Thumb Code     2  rtx_evr.o(i.EvrRtxThreadFlagsWaitCompleted)
    EvrRtxThreadFlagsWaitTimeout             0x000005d9   Thumb Code     2  rtx_evr.o(i.EvrRtxThreadFlagsWaitTimeout)
    EvrRtxThreadJoined                       0x000005db   Thumb Code     2  rtx_evr.o(i.EvrRtxThreadJoined)
    EvrRtxThreadNew                          0x000005dd   Thumb Code     2  rtx_evr.o(i.EvrRtxThreadNew)
    EvrRtxThreadSwitch                       0x000005df   Thumb Code     2  rtx_evr.o(i.EvrRtxThreadSwitch)
    EvrRtxThreadUnblocked                    0x000005e1   Thumb Code     2  rtx_evr.o(i.EvrRtxThreadUnblocked)
    Init_Debug_Signals                       0x000005fd   Thumb Code   214  debug.o(i.Init_Debug_Signals)
    Init_RGB_LEDs                            0x000006e5   Thumb Code   124  leds.o(i.Init_RGB_LEDs)
    SD_Init                                  0x000007d1   Thumb Code   512  sd_io.o(i.SD_Init)
    SD_Manager_thread                        0x000009d5   Thumb Code   288  cmsis_main.o(i.SD_Manager_thread)
    SD_Read                                  0x00000b11   Thumb Code   176  sd_io.o(i.SD_Read)
    SD_Write                                 0x00000bc9   Thumb Code   182  sd_io.o(i.SD_Write)
    SPI_CS_High                              0x00000c85   Thumb Code    14  spi_io.o(i.SPI_CS_High)
    SPI_CS_Low                               0x00000c99   Thumb Code    14  spi_io.o(i.SPI_CS_Low)
    SPI_Freq_High                            0x00000cad   Thumb Code     8  spi_io.o(i.SPI_Freq_High)
    SPI_Freq_Low                             0x00000cb9   Thumb Code     8  spi_io.o(i.SPI_Freq_Low)
    SPI_Init                                 0x00000cc5   Thumb Code    76  spi_io.o(i.SPI_Init)
    SPI_RW                                   0x00000d25   Thumb Code    70  spi_io.o(i.SPI_RW)
    SPI_Release                              0x00000d75   Thumb Code    28  spi_io.o(i.SPI_Release)
    SPI_Timer_Off                            0x00000d91   Thumb Code     8  spi_io.o(i.SPI_Timer_Off)
    SPI_Timer_On                             0x00000d9d   Thumb Code    32  spi_io.o(i.SPI_Timer_On)
    SPI_Timer_Status                         0x00000dc5   Thumb Code    12  spi_io.o(i.SPI_Timer_Status)
    SystemCoreClockUpdate                    0x00000dd5   Thumb Code   372  system_mkl25z4.o(i.SystemCoreClockUpdate)
    SystemInit                               0x00000f65   Thumb Code   266  system_mkl25z4.o(i.SystemInit)
    __ARM_common_switch8                     0x00001171   Thumb Code    28  rtx_system.o(i.__ARM_common_switch8)
    __SD_Power_Of_Two                        0x0000118d   Thumb Code    20  sd_io.o(i.__SD_Power_Of_Two)
    __SD_Sectors                             0x000011a1   Thumb Code   230  sd_io.o(i.__SD_Sectors)
    __SD_Send_Cmd                            0x00001289   Thumb Code   190  sd_io.o(i.__SD_Send_Cmd)
    __SD_Speed_Transfer                      0x0000134d   Thumb Code    20  sd_io.o(i.__SD_Speed_Transfer)
    _mutex_acquire                           0x0000139d   Thumb Code    24  rtx_lib.o(i._mutex_acquire)
    _mutex_free                              0x000013b5   Thumb Code    12  rtx_lib.o(i._mutex_free)
    _mutex_initialize                        0x000013c1   Thumb Code    34  rtx_lib.o(i._mutex_initialize)
    _mutex_release                           0x000013e3   Thumb Code    20  rtx_lib.o(i._mutex_release)
    _platform_post_stackheap_init            0x000013f7   Thumb Code     8  rtx_lib.o(i._platform_post_stackheap_init)
    main                                     0x0000155d   Thumb Code    44  cmsis_main.o(i.main)
    osDelay                                  0x0000158d   Thumb Code    58  rtx_delay.o(i.osDelay)
    osKernelGetState                         0x000015cd   Thumb Code    60  rtx_kernel.o(i.osKernelGetState)
    osKernelInitialize                       0x0000160d   Thumb Code    80  rtx_kernel.o(i.osKernelInitialize)
    osKernelStart                            0x00001661   Thumb Code    80  rtx_kernel.o(i.osKernelStart)
    osMessageQueuePut                        0x000016b5   Thumb Code    74  rtx_msgqueue.o(i.osMessageQueuePut)
    osMutexAcquire                           0x00001705   Thumb Code    60  rtx_mutex.o(i.osMutexAcquire)
    osMutexDelete                            0x00001745   Thumb Code    54  rtx_mutex.o(i.osMutexDelete)
    osMutexNew                               0x00001781   Thumb Code    88  rtx_mutex.o(i.osMutexNew)
    osMutexRelease                           0x000017dd   Thumb Code    54  rtx_mutex.o(i.osMutexRelease)
    osRtxErrorNotify                         0x00001819   Thumb Code    32  rtx_config.o(i.osRtxErrorNotify)
    osRtxIdleThread                          0x00001839   Thumb Code    22  rtx_config.o(i.osRtxIdleThread)
    osRtxMemoryAlloc                         0x00001865   Thumb Code   178  rtx_memory.o(i.osRtxMemoryAlloc)
    osRtxMemoryFree                          0x00001917   Thumb Code   110  rtx_memory.o(i.osRtxMemoryFree)
    osRtxMemoryInit                          0x00001985   Thumb Code    86  rtx_memory.o(i.osRtxMemoryInit)
    osRtxMemoryPoolAlloc                     0x000019db   Thumb Code    74  rtx_mempool.o(i.osRtxMemoryPoolAlloc)
    osRtxMemoryPoolFree                      0x00001a25   Thumb Code    94  rtx_mempool.o(i.osRtxMemoryPoolFree)
    osRtxMemoryPoolInit                      0x00001a83   Thumb Code    86  rtx_mempool.o(i.osRtxMemoryPoolInit)
    osRtxMutexOwnerRelease                   0x00001ad9   Thumb Code    88  rtx_mutex.o(i.osRtxMutexOwnerRelease)
    osRtxPendSV_Handler                      0x00001b31   Thumb Code    98  rtx_system.o(i.osRtxPendSV_Handler)
    osRtxPostProcess                         0x00001b99   Thumb Code    54  rtx_system.o(i.osRtxPostProcess)
    osRtxSysTimerAckIRQ                      0x00001bd9   Thumb Code     8  rtx_system.o(i.osRtxSysTimerAckIRQ)
    osRtxSysTimerEnable                      0x00001be5   Thumb Code    12  rtx_system.o(i.osRtxSysTimerEnable)
    osRtxSysTimerSetup                       0x00001bf5   Thumb Code    46  rtx_system.o(i.osRtxSysTimerSetup)
    osRtxThreadBlock                         0x00001c35   Thumb Code    46  rtx_thread.o(i.osRtxThreadBlock)
    osRtxThreadDelayInsert                   0x00001c69   Thumb Code   112  rtx_thread.o(i.osRtxThreadDelayInsert)
    osRtxThreadDelayRemove                   0x00001cdd   Thumb Code   130  rtx_thread.o(i.osRtxThreadDelayRemove)
    osRtxThreadDelayTick                     0x00001d65   Thumb Code   222  rtx_thread.o(i.osRtxThreadDelayTick)
    osRtxThreadDispatch                      0x00001e49   Thumb Code   106  rtx_thread.o(i.osRtxThreadDispatch)
    osRtxThreadListGet                       0x00001f2d   Thumb Code    28  rtx_thread.o(i.osRtxThreadListGet)
    osRtxThreadListPut                       0x00001f49   Thumb Code    52  rtx_thread.o(i.osRtxThreadListPut)
    osRtxThreadListRemove                    0x00001f7d   Thumb Code    30  rtx_thread.o(i.osRtxThreadListRemove)
    osRtxThreadListRoot                      0x00001f9b   Thumb Code    16  rtx_thread.o(i.osRtxThreadListRoot)
    osRtxThreadListSort                      0x00001fab   Thumb Code    42  rtx_thread.o(i.osRtxThreadListSort)
    osRtxThreadPostProcess                   0x00001fd5   Thumb Code    68  rtx_thread.o(i.osRtxThreadPostProcess)
    osRtxThreadReadyPut                      0x00002019   Thumb Code    18  rtx_thread.o(i.osRtxThreadReadyPut)
    osRtxThreadRegPtr                        0x00002031   Thumb Code     8  rtx_thread.o(i.osRtxThreadRegPtr)
    osRtxThreadStackCheck                    0x00002045   Thumb Code    40  rtx_thread.o(i.osRtxThreadStackCheck)
    osRtxThreadSwitch                        0x00002071   Thumb Code    24  rtx_thread.o(i.osRtxThreadSwitch)
    osRtxThreadWaitEnter                     0x0000208d   Thumb Code    84  rtx_thread.o(i.osRtxThreadWaitEnter)
    osRtxThreadWaitExit                      0x000020e5   Thumb Code    52  rtx_thread.o(i.osRtxThreadWaitExit)
    osRtxTick_Handler                        0x00002119   Thumb Code   156  rtx_system.o(i.osRtxTick_Handler)
    osRtxTimerTick                           0x000021b9   Thumb Code    94  rtx_timer.o(i.osRtxTimerTick)
    osThreadExit                             0x0000221d   Thumb Code    26  rtx_thread.o(i.osThreadExit)
    osThreadNew                              0x0000223d   Thumb Code   106  rtx_thread.o(i.osThreadNew)
    svcRtxDelay                              0x000022d5   Thumb Code    22  rtx_delay.o(i.svcRtxDelay)
    svcRtxKernelGetState                     0x000022ed   Thumb Code    16  rtx_kernel.o(i.svcRtxKernelGetState)
    svcRtxKernelInitialize                   0x00002301   Thumb Code   688  rtx_kernel.o(i.svcRtxKernelInitialize)
    svcRtxKernelStart                        0x000025bd   Thumb Code   178  rtx_kernel.o(i.svcRtxKernelStart)
    svcRtxMessageQueuePut                    0x00002681   Thumb Code   278  rtx_msgqueue.o(i.svcRtxMessageQueuePut)
    svcRtxMutexAcquire                       0x0000279d   Thumb Code   254  rtx_mutex.o(i.svcRtxMutexAcquire)
    svcRtxMutexDelete                        0x000028a1   Thumb Code   244  rtx_mutex.o(i.svcRtxMutexDelete)
    svcRtxMutexNew                           0x00002999   Thumb Code   176  rtx_mutex.o(i.svcRtxMutexNew)
    svcRtxMutexRelease                       0x00002a4d   Thumb Code   292  rtx_mutex.o(i.svcRtxMutexRelease)
    svcRtxThreadExit                         0x00002b75   Thumb Code   140  rtx_thread.o(i.svcRtxThreadExit)
    svcRtxThreadNew                          0x00002c05   Thumb Code   638  rtx_thread.o(i.svcRtxThreadNew)
    irqRtxLib                                0x00002e9c   Data           1  irq_cm0.o(.constdata)
    osRtxUserSVC                             0x00002f00   Data           4  rtx_lib.o(.constdata)
    osRtxConfig                              0x00002f10   Data         104  rtx_lib.o(.rodata)
    Region$$Table$$Base                      0x00002f78   Number         0  anon$$obj.o(Region$$Table)
    Region$$Table$$Limit                     0x00002f98   Number         0  anon$$obj.o(Region$$Table)
    sum                                      0x200004d0   Data           4  cmsis_main.o(.data)
    irqRtxLibRef                             0x200004d4   Data           4  rtx_lib.o(.data)
    idle_counter                             0x200004dc   Data           4  rtx_config.o(.data)
    SystemCoreClock                          0x200004e0   Data           4  system_mkl25z4.o(.data)
    osRtxInfo                                0x200004e8   Data         168  rtx_kernel.o(.data.os)
    dev                                      0x20000590   Data          12  cmsis_main.o(.bss)
    buffer                                   0x2000059c   Data         512  cmsis_main.o(.bss)
    __libspace_start                         0x2000079c   Data          96  libspace.o(.bss)
    __temporary_stack_top$libspace           0x200007fc   Data           0  libspace.o(.bss)



==============================================================================

Memory Map of the image

  Image Entry point : 0x000000c1

  Load Region LR_IROM1 (Base: 0x00000000, Size: 0x00004528, Max: 0x00020000, ABSOLUTE, COMPRESSED[0x00002fd4])

    Execution Region ER_IROM1 (Exec base: 0x00000000, Load base: 0x00000000, Size: 0x00002f98, Max: 0x00020000, ABSOLUTE)

    Exec Addr    Load Addr    Size         Type   Attr      Idx    E Section Name        Object

    0x00000000   0x00000000   0x000000c0   Data   RO         3077    RESET               startup_mkl25z4.o
    0x000000c0   0x000000c0   0x00000008   Code   RO         3131  * !!!main             c_p.l(__main.o)
    0x000000c8   0x000000c8   0x0000003c   Code   RO         3300    !!!scatter          c_p.l(__scatter.o)
    0x00000104   0x00000104   0x0000001c   Code   RO         3302    !!handler_zi        c_p.l(__scatter_zi.o)
    0x00000120   0x00000120   0x00000002   Code   RO         3167    .ARM.Collect$$libinit$$00000000  c_p.l(libinit.o)
    0x00000122   0x00000122   0x00000000   Code   RO         3181    .ARM.Collect$$libinit$$00000002  c_p.l(libinit2.o)
    0x00000122   0x00000122   0x00000000   Code   RO         3183    .ARM.Collect$$libinit$$00000004  c_p.l(libinit2.o)
    0x00000122   0x00000122   0x00000000   Code   RO         3186    .ARM.Collect$$libinit$$0000000A  c_p.l(libinit2.o)
    0x00000122   0x00000122   0x00000000   Code   RO         3188    .ARM.Collect$$libinit$$0000000C  c_p.l(libinit2.o)
    0x00000122   0x00000122   0x00000000   Code   RO         3190    .ARM.Collect$$libinit$$0000000E  c_p.l(libinit2.o)
    0x00000122   0x00000122   0x00000000   Code   RO         3193    .ARM.Collect$$libinit$$00000011  c_p.l(libinit2.o)
    0x00000122   0x00000122   0x00000000   Code   RO         3195    .ARM.Collect$$libinit$$00000013  c_p.l(libinit2.o)
    0x00000122   0x00000122   0x00000000   Code   RO         3197    .ARM.Collect$$libinit$$00000015  c_p.l(libinit2.o)
    0x00000122   0x00000122   0x00000000   Code   RO         3199    .ARM.Collect$$libinit$$00000017  c_p.l(libinit2.o)
    0x00000122   0x00000122   0x00000000   Code   RO         3201    .ARM.Collect$$libinit$$00000019  c_p.l(libinit2.o)
    0x00000122   0x00000122   0x00000000   Code   RO         3203    .ARM.Collect$$libinit$$0000001B  c_p.l(libinit2.o)
    0x00000122   0x00000122   0x00000000   Code   RO         3205    .ARM.Collect$$libinit$$0000001D  c_p.l(libinit2.o)
    0x00000122   0x00000122   0x00000000   Code   RO         3207    .ARM.Collect$$libinit$$0000001F  c_p.l(libinit2.o)
    0x00000122   0x00000122   0x00000000   Code   RO         3209    .ARM.Collect$$libinit$$00000021  c_p.l(libinit2.o)
    0x00000122   0x00000122   0x00000000   Code   RO         3211    .ARM.Collect$$libinit$$00000023  c_p.l(libinit2.o)
    0x00000122   0x00000122   0x00000000   Code   RO         3213    .ARM.Collect$$libinit$$00000025  c_p.l(libinit2.o)
    0x00000122   0x00000122   0x00000000   Code   RO         3217    .ARM.Collect$$libinit$$0000002C  c_p.l(libinit2.o)
    0x00000122   0x00000122   0x00000000   Code   RO         3219    .ARM.Collect$$libinit$$0000002E  c_p.l(libinit2.o)
    0x00000122   0x00000122   0x00000000   Code   RO         3221    .ARM.Collect$$libinit$$00000030  c_p.l(libinit2.o)
    0x00000122   0x00000122   0x00000000   Code   RO         3223    .ARM.Collect$$libinit$$00000032  c_p.l(libinit2.o)
    0x00000122   0x00000122   0x00000002   Code   RO         3224    .ARM.Collect$$libinit$$00000033  c_p.l(libinit2.o)
    0x00000124   0x00000124   0x00000002   Code   RO         3255    .ARM.Collect$$libshutdown$$00000000  c_p.l(libshutdown.o)
    0x00000126   0x00000126   0x00000000   Code   RO         3281    .ARM.Collect$$libshutdown$$00000002  c_p.l(libshutdown2.o)
    0x00000126   0x00000126   0x00000000   Code   RO         3283    .ARM.Collect$$libshutdown$$00000004  c_p.l(libshutdown2.o)
    0x00000126   0x00000126   0x00000000   Code   RO         3286    .ARM.Collect$$libshutdown$$00000007  c_p.l(libshutdown2.o)
    0x00000126   0x00000126   0x00000000   Code   RO         3289    .ARM.Collect$$libshutdown$$0000000A  c_p.l(libshutdown2.o)
    0x00000126   0x00000126   0x00000000   Code   RO         3291    .ARM.Collect$$libshutdown$$0000000C  c_p.l(libshutdown2.o)
    0x00000126   0x00000126   0x00000000   Code   RO         3294    .ARM.Collect$$libshutdown$$0000000F  c_p.l(libshutdown2.o)
    0x00000126   0x00000126   0x00000002   Code   RO         3295    .ARM.Collect$$libshutdown$$00000010  c_p.l(libshutdown2.o)
    0x00000128   0x00000128   0x00000000   Code   RO         3133    .ARM.Collect$$rtentry$$00000000  c_p.l(__rtentry.o)
    0x00000128   0x00000128   0x00000000   Code   RO         3139    .ARM.Collect$$rtentry$$00000002  c_p.l(__rtentry2.o)
    0x00000128   0x00000128   0x00000006   Code   RO         3151    .ARM.Collect$$rtentry$$00000004  c_p.l(__rtentry4.o)
    0x0000012e   0x0000012e   0x00000008   Code   RO         3140    .ARM.Collect$$rtentry$$00000008  c_p.l(__rtentry2.o)
    0x00000136   0x00000136   0x00000004   Code   RO         3142    .ARM.Collect$$rtentry$$0000000A  c_p.l(__rtentry2.o)
    0x0000013a   0x0000013a   0x00000000   Code   RO         3144    .ARM.Collect$$rtentry$$0000000C  c_p.l(__rtentry2.o)
    0x0000013a   0x0000013a   0x00000008   Code   RO         3145    .ARM.Collect$$rtentry$$0000000D  c_p.l(__rtentry2.o)
    0x00000142   0x00000142   0x00000002   Code   RO         3172    .ARM.Collect$$rtexit$$00000000  c_p.l(rtexit.o)
    0x00000144   0x00000144   0x00000000   Code   RO         3228    .ARM.Collect$$rtexit$$00000002  c_p.l(rtexit2.o)
    0x00000144   0x00000144   0x00000004   Code   RO         3229    .ARM.Collect$$rtexit$$00000003  c_p.l(rtexit2.o)
    0x00000148   0x00000148   0x00000006   Code   RO         3230    .ARM.Collect$$rtexit$$00000004  c_p.l(rtexit2.o)
    0x0000014e   0x0000014e   0x00000002   PAD
    0x00000150   0x00000150   0x00000038   Code   RO         3119    .emb_text           c_p.l(rt_memcpy.o)
    0x00000188   0x00000188   0x00000098   Code   RO          296    .text               irq_cm0.o
    0x00000220   0x00000220   0x00000040   Code   RO         3079    .text               startup_mkl25z4.o
    0x00000260   0x00000260   0x00000082   Code   RO         3120    .text               c_p.l(rt_memcpy.o)
    0x000002e2   0x000002e2   0x00000040   Code   RO         3123    .text               c_p.l(rt_memclr.o)
    0x00000322   0x00000322   0x00000006   Code   RO         3129    .text               c_p.l(heapauxi.o)
    0x00000328   0x00000328   0x0000003e   Code   RO         3155    .text               c_p.l(sys_stackheap_outer.o)
    0x00000366   0x00000366   0x00000010   Code   RO         3158    .text               c_p.l(exit.o)
    0x00000376   0x00000376   0x00000002   PAD
    0x00000378   0x00000378   0x00000008   Code   RO         3168    .text               c_p.l(libspace.o)
    0x00000380   0x00000380   0x0000000c   Code   RO         3225    .text               c_p.l(sys_exit.o)
    0x0000038c   0x0000038c   0x00000002   Code   RO         3244    .text               c_p.l(use_no_semi.o)
    0x0000038e   0x0000038e   0x00000000   Code   RO         3246    .text               c_p.l(indicate_semi.o)
    0x0000038e   0x0000038e   0x0000003a   Code   RO         3298    .text               c_p.l(__dczerorl.o)
    0x000003c8   0x000003c8   0x00000002   Code   RO          529    i.EvrRtxEventFlagsWaitTimeout  rtx_evr.o
    0x000003ca   0x000003ca   0x00000002   Code   RO          530    i.EvrRtxKernelError  rtx_evr.o
    0x000003cc   0x000003cc   0x00000002   Code   RO          532    i.EvrRtxKernelGetState  rtx_evr.o
    0x000003ce   0x000003ce   0x00000002   Code   RO          538    i.EvrRtxKernelInitialize  rtx_evr.o
    0x000003d0   0x000003d0   0x00000002   Code   RO          539    i.EvrRtxKernelInitializeCompleted  rtx_evr.o
    0x000003d2   0x000003d2   0x00000002   Code   RO          546    i.EvrRtxKernelStart  rtx_evr.o
    0x000003d4   0x000003d4   0x00000002   Code   RO          547    i.EvrRtxKernelStarted  rtx_evr.o
    0x000003d6   0x000003d6   0x00000002   Code   RO          552    i.EvrRtxMemoryAlloc  rtx_evr.o
    0x000003d8   0x000003d8   0x00000002   Code   RO          553    i.EvrRtxMemoryBlockAlloc  rtx_evr.o
    0x000003da   0x000003da   0x00000002   Code   RO          554    i.EvrRtxMemoryBlockFree  rtx_evr.o
    0x000003dc   0x000003dc   0x00000002   Code   RO          555    i.EvrRtxMemoryBlockInit  rtx_evr.o
    0x000003de   0x000003de   0x00000002   Code   RO          556    i.EvrRtxMemoryFree  rtx_evr.o
    0x000003e0   0x000003e0   0x00000002   Code   RO          557    i.EvrRtxMemoryInit  rtx_evr.o
    0x000003e2   0x000003e2   0x00000002   Code   RO          561    i.EvrRtxMemoryPoolAllocTimeout  rtx_evr.o
    0x000003e4   0x000003e4   0x00000002   Code   RO          579    i.EvrRtxMessageQueueError  rtx_evr.o
    0x000003e6   0x000003e6   0x00000002   Code   RO          587    i.EvrRtxMessageQueueGetTimeout  rtx_evr.o
    0x000003e8   0x000003e8   0x00000002   Code   RO          588    i.EvrRtxMessageQueueInsertPending  rtx_evr.o
    0x000003ea   0x000003ea   0x00000002   Code   RO          589    i.EvrRtxMessageQueueInserted  rtx_evr.o
    0x000003ec   0x000003ec   0x00000002   Code   RO          591    i.EvrRtxMessageQueueNotInserted  rtx_evr.o
    0x000003ee   0x000003ee   0x00000002   Code   RO          593    i.EvrRtxMessageQueuePut  rtx_evr.o
    0x000003f0   0x000003f0   0x00000002   Code   RO          594    i.EvrRtxMessageQueuePutPending  rtx_evr.o
    0x000003f2   0x000003f2   0x00000002   Code   RO          595    i.EvrRtxMessageQueuePutTimeout  rtx_evr.o
    0x000003f4   0x000003f4   0x00000002   Code   RO          598    i.EvrRtxMessageQueueRetrieved  rtx_evr.o
    0x000003f6   0x000003f6   0x00000002   Code   RO          599    i.EvrRtxMutexAcquire  rtx_evr.o
    0x000003f8   0x000003f8   0x00000002   Code   RO          600    i.EvrRtxMutexAcquirePending  rtx_evr.o
    0x000003fa   0x000003fa   0x00000002   Code   RO          601    i.EvrRtxMutexAcquireTimeout  rtx_evr.o
    0x000003fc   0x000003fc   0x00000002   Code   RO          602    i.EvrRtxMutexAcquired  rtx_evr.o
    0x000003fe   0x000003fe   0x00000002   Code   RO          603    i.EvrRtxMutexCreated  rtx_evr.o
    0x00000400   0x00000400   0x00000010   Code   RO         3078    .ARM.__at_0x400     startup_mkl25z4.o
    0x00000410   0x00000410   0x0000015a   Code   RO         3125    .text               c_p.l(aeabi_sdiv.o)
    0x0000056a   0x0000056a   0x00000002   PAD
    0x0000056c   0x0000056c   0x0000004c   Code   RO          228    i.Control_RGB_LEDs  leds.o
    0x000005b8   0x000005b8   0x00000002   Code   RO          604    i.EvrRtxMutexDelete  rtx_evr.o
    0x000005ba   0x000005ba   0x00000002   Code   RO          605    i.EvrRtxMutexDestroyed  rtx_evr.o
    0x000005bc   0x000005bc   0x00000002   Code   RO          606    i.EvrRtxMutexError  rtx_evr.o
    0x000005be   0x000005be   0x00000002   Code   RO          609    i.EvrRtxMutexNew    rtx_evr.o
    0x000005c0   0x000005c0   0x00000002   Code   RO          610    i.EvrRtxMutexNotAcquired  rtx_evr.o
    0x000005c2   0x000005c2   0x00000002   Code   RO          611    i.EvrRtxMutexRelease  rtx_evr.o
    0x000005c4   0x000005c4   0x00000002   Code   RO          612    i.EvrRtxMutexReleased  rtx_evr.o
    0x000005c6   0x000005c6   0x00000002   Code   RO          615    i.EvrRtxSemaphoreAcquireTimeout  rtx_evr.o
    0x000005c8   0x000005c8   0x00000002   Code   RO          627    i.EvrRtxThreadBlocked  rtx_evr.o
    0x000005ca   0x000005ca   0x00000002   Code   RO          628    i.EvrRtxThreadCreated  rtx_evr.o
    0x000005cc   0x000005cc   0x00000002   Code   RO          629    i.EvrRtxThreadDelay  rtx_evr.o
    0x000005ce   0x000005ce   0x00000002   Code   RO          630    i.EvrRtxThreadDelayCompleted  rtx_evr.o
    0x000005d0   0x000005d0   0x00000002   Code   RO          632    i.EvrRtxThreadDestroyed  rtx_evr.o
    0x000005d2   0x000005d2   0x00000002   Code   RO          636    i.EvrRtxThreadError  rtx_evr.o
    0x000005d4   0x000005d4   0x00000002   Code   RO          637    i.EvrRtxThreadExit  rtx_evr.o
    0x000005d6   0x000005d6   0x00000002   Code   RO          644    i.EvrRtxThreadFlagsWaitCompleted  rtx_evr.o
    0x000005d8   0x000005d8   0x00000002   Code   RO          647    i.EvrRtxThreadFlagsWaitTimeout  rtx_evr.o
    0x000005da   0x000005da   0x00000002   Code   RO          657    i.EvrRtxThreadJoined  rtx_evr.o
    0x000005dc   0x000005dc   0x00000002   Code   RO          658    i.EvrRtxThreadNew   rtx_evr.o
    0x000005de   0x000005de   0x00000002   Code   RO          664    i.EvrRtxThreadSwitch  rtx_evr.o
    0x000005e0   0x000005e0   0x00000002   Code   RO          666    i.EvrRtxThreadUnblocked  rtx_evr.o
    0x000005e2   0x000005e2   0x00000002   PAD
    0x000005e4   0x000005e4   0x00000018   Code   RO         1528    i.ExtTick_EnableIRQ  rtx_kernel.o
    0x000005fc   0x000005fc   0x000000e8   Code   RO            3    i.Init_Debug_Signals  debug.o
    0x000006e4   0x000006e4   0x0000008c   Code   RO          229    i.Init_RGB_LEDs     leds.o
    0x00000770   0x00000770   0x0000005e   Code   RO         2013    i.MessageQueuePut   rtx_msgqueue.o
    0x000007ce   0x000007ce   0x00000002   PAD
    0x000007d0   0x000007d0   0x00000204   Code   RO           86    i.SD_Init           sd_io.o
    0x000009d4   0x000009d4   0x0000013c   Code   RO          257    i.SD_Manager_thread  cmsis_main.o
    0x00000b10   0x00000b10   0x000000b8   Code   RO           87    i.SD_Read           sd_io.o
    0x00000bc8   0x00000bc8   0x000000bc   Code   RO           89    i.SD_Write          sd_io.o
    0x00000c84   0x00000c84   0x00000014   Code   RO          193    i.SPI_CS_High       spi_io.o
    0x00000c98   0x00000c98   0x00000014   Code   RO          187    i.SPI_CS_Low        spi_io.o
    0x00000cac   0x00000cac   0x0000000c   Code   RO          199    i.SPI_Freq_High     spi_io.o
    0x00000cb8   0x00000cb8   0x0000000c   Code   RO          205    i.SPI_Freq_Low      spi_io.o
    0x00000cc4   0x00000cc4   0x00000060   Code   RO          154    i.SPI_Init          spi_io.o
    0x00000d24   0x00000d24   0x00000050   Code   RO          155    i.SPI_RW            spi_io.o
    0x00000d74   0x00000d74   0x0000001c   Code   RO          156    i.SPI_Release       spi_io.o
    0x00000d90   0x00000d90   0x0000000c   Code   RO          217    i.SPI_Timer_Off     spi_io.o
    0x00000d9c   0x00000d9c   0x00000028   Code   RO          157    i.SPI_Timer_On      spi_io.o
    0x00000dc4   0x00000dc4   0x00000010   Code   RO          211    i.SPI_Timer_Status  spi_io.o
    0x00000dd4   0x00000dd4   0x00000190   Code   RO         3087    i.SystemCoreClockUpdate  system_mkl25z4.o
    0x00000f64   0x00000f64   0x00000138   Code   RO         3088    i.SystemInit        system_mkl25z4.o
    0x0000109c   0x0000109c   0x00000076   Code   RO         2503    i.ThreadFlagsCheck  rtx_thread.o
    0x00001112   0x00001112   0x00000002   PAD
    0x00001114   0x00001114   0x00000044   Code   RO         2925    i.TimerInsert       rtx_timer.o
    0x00001158   0x00001158   0x00000018   Code   RO         2927    i.TimerUnlink       rtx_timer.o
    0x00001170   0x00001170   0x0000001c   Code   RO         2487    i.__ARM_common_switch8  rtx_system.o
    0x0000118c   0x0000118c   0x00000014   Code   RO           90    i.__SD_Power_Of_Two  sd_io.o
    0x000011a0   0x000011a0   0x000000e6   Code   RO           91    i.__SD_Sectors      sd_io.o
    0x00001286   0x00001286   0x00000002   PAD
    0x00001288   0x00001288   0x000000c4   Code   RO           92    i.__SD_Send_Cmd     sd_io.o
    0x0000134c   0x0000134c   0x00000014   Code   RO           93    i.__SD_Speed_Transfer  sd_io.o
    0x00001360   0x00001360   0x00000006   Code   RO         1531    i.__get_CONTROL     rtx_kernel.o
    0x00001366   0x00001366   0x00000006   Code   RO         1532    i.__get_IPSR        rtx_kernel.o
    0x0000136c   0x0000136c   0x00000006   Code   RO         2015    i.__get_IPSR        rtx_msgqueue.o
    0x00001372   0x00001372   0x00000006   Code   RO         2190    i.__get_IPSR        rtx_mutex.o
    0x00001378   0x00001378   0x00000006   Code   RO         2506    i.__get_IPSR        rtx_thread.o
    0x0000137e   0x0000137e   0x00000006   Code   RO         1533    i.__get_PRIMASK     rtx_kernel.o
    0x00001384   0x00001384   0x00000006   Code   RO         1850    i.__get_PRIMASK     rtx_mempool.o
    0x0000138a   0x0000138a   0x00000006   Code   RO         2016    i.__get_PRIMASK     rtx_msgqueue.o
    0x00001390   0x00001390   0x00000006   Code   RO         2191    i.__get_PRIMASK     rtx_mutex.o
    0x00001396   0x00001396   0x00000006   Code   RO         2507    i.__get_PRIMASK     rtx_thread.o
    0x0000139c   0x0000139c   0x00000018   Code   RO         1748    i._mutex_acquire    rtx_lib.o
    0x000013b4   0x000013b4   0x0000000c   Code   RO         1749    i._mutex_free       rtx_lib.o
    0x000013c0   0x000013c0   0x00000022   Code   RO         1750    i._mutex_initialize  rtx_lib.o
    0x000013e2   0x000013e2   0x00000014   Code   RO         1751    i._mutex_release    rtx_lib.o
    0x000013f6   0x000013f6   0x00000008   Code   RO         1752    i._platform_post_stackheap_init  rtx_lib.o
    0x000013fe   0x000013fe   0x0000009a   Code   RO         2018    i.isrRtxMessageQueuePut  rtx_msgqueue.o
    0x00001498   0x00001498   0x00000060   Code   RO         2406    i.isr_queue_get     rtx_system.o
    0x000014f8   0x000014f8   0x00000064   Code   RO         2407    i.isr_queue_put     rtx_system.o
    0x0000155c   0x0000155c   0x00000030   Code   RO          259    i.main              cmsis_main.o
    0x0000158c   0x0000158c   0x00000040   Code   RO          302    i.osDelay           rtx_delay.o
    0x000015cc   0x000015cc   0x00000040   Code   RO         1535    i.osKernelGetState  rtx_kernel.o
    0x0000160c   0x0000160c   0x00000054   Code   RO         1540    i.osKernelInitialize  rtx_kernel.o
    0x00001660   0x00001660   0x00000054   Code   RO         1544    i.osKernelStart     rtx_kernel.o
    0x000016b4   0x000016b4   0x00000050   Code   RO         2027    i.osMessageQueuePut  rtx_msgqueue.o
    0x00001704   0x00001704   0x00000040   Code   RO         2192    i.osMutexAcquire    rtx_mutex.o
    0x00001744   0x00001744   0x0000003c   Code   RO         2193    i.osMutexDelete     rtx_mutex.o
    0x00001780   0x00001780   0x0000005c   Code   RO         2196    i.osMutexNew        rtx_mutex.o
    0x000017dc   0x000017dc   0x0000003c   Code   RO         2197    i.osMutexRelease    rtx_mutex.o
    0x00001818   0x00001818   0x00000020   Code   RO         3048    i.osRtxErrorNotify  rtx_config.o
    0x00001838   0x00001838   0x00000020   Code   RO         3049    i.osRtxIdleThread   rtx_config.o
    0x00001858   0x00001858   0x0000000c   Code   RO         2508    i.osRtxKernelGetState  rtx_thread.o
    0x00001864   0x00001864   0x000000b2   Code   RO         1817    i.osRtxMemoryAlloc  rtx_memory.o
    0x00001916   0x00001916   0x0000006e   Code   RO         1818    i.osRtxMemoryFree   rtx_memory.o
    0x00001984   0x00001984   0x00000056   Code   RO         1819    i.osRtxMemoryInit   rtx_memory.o
    0x000019da   0x000019da   0x0000004a   Code   RO         1861    i.osRtxMemoryPoolAlloc  rtx_mempool.o
    0x00001a24   0x00001a24   0x0000005e   Code   RO         1862    i.osRtxMemoryPoolFree  rtx_mempool.o
    0x00001a82   0x00001a82   0x00000056   Code   RO         1863    i.osRtxMemoryPoolInit  rtx_mempool.o
    0x00001ad8   0x00001ad8   0x00000058   Code   RO         2198    i.osRtxMutexOwnerRelease  rtx_mutex.o
    0x00001b30   0x00001b30   0x00000068   Code   RO         2408    i.osRtxPendSV_Handler  rtx_system.o
    0x00001b98   0x00001b98   0x00000040   Code   RO         2409    i.osRtxPostProcess  rtx_system.o
    0x00001bd8   0x00001bd8   0x0000000c   Code   RO         2410    i.osRtxSysTimerAckIRQ  rtx_system.o
    0x00001be4   0x00001be4   0x00000010   Code   RO         2412    i.osRtxSysTimerEnable  rtx_system.o
    0x00001bf4   0x00001bf4   0x00000040   Code   RO         2415    i.osRtxSysTimerSetup  rtx_system.o
    0x00001c34   0x00001c34   0x00000034   Code   RO         2509    i.osRtxThreadBlock  rtx_thread.o
    0x00001c68   0x00001c68   0x00000074   Code   RO         2510    i.osRtxThreadDelayInsert  rtx_thread.o
    0x00001cdc   0x00001cdc   0x00000088   Code   RO         2511    i.osRtxThreadDelayRemove  rtx_thread.o
    0x00001d64   0x00001d64   0x000000e4   Code   RO         2512    i.osRtxThreadDelayTick  rtx_thread.o
    0x00001e48   0x00001e48   0x00000070   Code   RO         2513    i.osRtxThreadDispatch  rtx_thread.o
    0x00001eb8   0x00001eb8   0x00000068   Code   RO         2514    i.osRtxThreadFree   rtx_thread.o
    0x00001f20   0x00001f20   0x0000000c   Code   RO         2515    i.osRtxThreadGetRunning  rtx_thread.o
    0x00001f2c   0x00001f2c   0x0000001c   Code   RO         2516    i.osRtxThreadListGet  rtx_thread.o
    0x00001f48   0x00001f48   0x00000034   Code   RO         2517    i.osRtxThreadListPut  rtx_thread.o
    0x00001f7c   0x00001f7c   0x0000001e   Code   RO         2518    i.osRtxThreadListRemove  rtx_thread.o
    0x00001f9a   0x00001f9a   0x00000010   Code   RO         2519    i.osRtxThreadListRoot  rtx_thread.o
    0x00001faa   0x00001faa   0x0000002a   Code   RO         2520    i.osRtxThreadListSort  rtx_thread.o
    0x00001fd4   0x00001fd4   0x00000044   Code   RO         2522    i.osRtxThreadPostProcess  rtx_thread.o
    0x00002018   0x00002018   0x00000018   Code   RO         2523    i.osRtxThreadReadyPut  rtx_thread.o
    0x00002030   0x00002030   0x00000008   Code   RO         2524    i.osRtxThreadRegPtr  rtx_thread.o
    0x00002038   0x00002038   0x0000000c   Code   RO         2525    i.osRtxThreadSetRunning  rtx_thread.o
    0x00002044   0x00002044   0x0000002c   Code   RO         2526    i.osRtxThreadStackCheck  rtx_thread.o
    0x00002070   0x00002070   0x0000001c   Code   RO         2527    i.osRtxThreadSwitch  rtx_thread.o
    0x0000208c   0x0000208c   0x00000058   Code   RO         2528    i.osRtxThreadWaitEnter  rtx_thread.o
    0x000020e4   0x000020e4   0x00000034   Code   RO         2529    i.osRtxThreadWaitExit  rtx_thread.o
    0x00002118   0x00002118   0x000000a0   Code   RO         2416    i.osRtxTick_Handler  rtx_system.o
    0x000021b8   0x000021b8   0x00000064   Code   RO         2931    i.osRtxTimerTick    rtx_timer.o
    0x0000221c   0x0000221c   0x00000020   Code   RO         2532    i.osThreadExit      rtx_thread.o
    0x0000223c   0x0000223c   0x00000070   Code   RO         2545    i.osThreadNew       rtx_thread.o
    0x000022ac   0x000022ac   0x00000028   Code   RO         1753    i.os_kernel_is_active  rtx_lib.o
    0x000022d4   0x000022d4   0x00000016   Code   RO          304    i.svcRtxDelay       rtx_delay.o
    0x000022ea   0x000022ea   0x00000002   PAD
    0x000022ec   0x000022ec   0x00000014   Code   RO         1548    i.svcRtxKernelGetState  rtx_kernel.o
    0x00002300   0x00002300   0x000002bc   Code   RO         1553    i.svcRtxKernelInitialize  rtx_kernel.o
    0x000025bc   0x000025bc   0x000000c4   Code   RO         1557    i.svcRtxKernelStart  rtx_kernel.o
    0x00002680   0x00002680   0x0000011c   Code   RO         2038    i.svcRtxMessageQueuePut  rtx_msgqueue.o
    0x0000279c   0x0000279c   0x00000104   Code   RO         2199    i.svcRtxMutexAcquire  rtx_mutex.o
    0x000028a0   0x000028a0   0x000000f8   Code   RO         2200    i.svcRtxMutexDelete  rtx_mutex.o
    0x00002998   0x00002998   0x000000b4   Code   RO         2203    i.svcRtxMutexNew    rtx_mutex.o
    0x00002a4c   0x00002a4c   0x00000128   Code   RO         2204    i.svcRtxMutexRelease  rtx_mutex.o
    0x00002b74   0x00002b74   0x00000090   Code   RO         2553    i.svcRtxThreadExit  rtx_thread.o
    0x00002c04   0x00002c04   0x00000298   Code   RO         2566    i.svcRtxThreadNew   rtx_thread.o
    0x00002e9c   0x00002e9c   0x00000001   Data   RO          295    .constdata          irq_cm0.o
    0x00002e9d   0x00002e9d   0x00000003   PAD
    0x00002ea0   0x00002ea0   0x00000064   Data   RO         1759    .constdata          rtx_lib.o
    0x00002f04   0x00002f04   0x0000000b   Data   RO         1560    .conststrlit        rtx_kernel.o
    0x00002f0f   0x00002f0f   0x00000001   PAD
    0x00002f10   0x00002f10   0x00000068   Data   RO         1761    .rodata             rtx_lib.o
    0x00002f78   0x00002f78   0x00000020   Data   RO         3296    Region$$Table       anon$$obj.o


    Execution Region RW_IRAM1 (Exec base: 0x1ffff000, Load base: 0x00002f98, Size: 0x00001c00, Max: 0x00004000, ABSOLUTE, COMPRESSED[0x0000003c])

    Exec Addr    Load Addr    Size         Type   Attr      Idx    E Section Name        Object

    0x1ffff000   COMPRESSED   0x00001230   Data   RW         1754    .bss.os             rtx_lib.o
    0x20000230   COMPRESSED   0x00000034   Data   RW         1755    .bss.os.msgqueue.cb  rtx_lib.o
    0x20000264   COMPRESSED   0x00000050   Data   RW         1756    .bss.os.msgqueue.mem  rtx_lib.o
    0x200002b4   COMPRESSED   0x00000088   Data   RW         1757    .bss.os.thread.cb   rtx_lib.o
    0x2000033c   COMPRESSED   0x00000004   PAD
    0x20000340   COMPRESSED   0x00000190   Data   RW         1758    .bss.os.thread.stack  rtx_lib.o
    0x200004d0   COMPRESSED   0x00000004   Data   RW          261    .data               cmsis_main.o
    0x200004d4   COMPRESSED   0x00000005   Data   RW         1760    .data               rtx_lib.o
    0x200004d9   COMPRESSED   0x00000003   PAD
    0x200004dc   COMPRESSED   0x00000004   Data   RW         3050    .data               rtx_config.o
    0x200004e0   COMPRESSED   0x00000004   Data   RW         3089    .data               system_mkl25z4.o
    0x200004e4   COMPRESSED   0x00000004   PAD
    0x200004e8   COMPRESSED   0x000000a8   Data   RW         1562    .data.os            rtx_kernel.o
    0x20000590        -       0x0000020c   Zero   RW          260    .bss                cmsis_main.o
    0x2000079c        -       0x00000060   Zero   RW         3169    .bss                c_p.l(libspace.o)
    0x200007fc   COMPRESSED   0x00000004   PAD
    0x20000800        -       0x00000000   Zero   RW         3076    HEAP                startup_mkl25z4.o
    0x20000800        -       0x00000400   Zero   RW         3075    STACK               startup_mkl25z4.o


==============================================================================

Image component sizes


      Code (inc. data)   RO Data    RW Data    ZI Data      Debug   Object Name

       364         32          0          4        524       2147   cmsis_main.o
       232         18          0          0          0       4977   debug.o
       152         10          1          0          0        572   irq_cm0.o
       216         22          0          0          0        967   leds.o
         0          0          0          0          0       5052   main.o
        64         18          0          4          0       1616   rtx_config.o
        86          6          0          0          0      14360   rtx_delay.o
         0          0          0          0          0       2900   rtx_evflags.o
        98          0          0          0          0      32415   rtx_evr.o
      1190         50         11        168          0      20147   rtx_kernel.o
       138          6        204       5329          0      11204   rtx_lib.o
       374          0          0          0          0       3123   rtx_memory.o
       260          0          0          0          0       2799   rtx_mempool.o
       624         12          0          0          0       7888   rtx_msgqueue.o
      1360         38          0          0          0       9011   rtx_mutex.o
       644         68          0          0          0      12314   rtx_system.o
      2346        110          0          0          0      20818   rtx_thread.o
       192         14          0          0          0       1717   rtx_timer.o
      1354         24          0          0          0       6462   sd_io.o
       336         66          0          0          0       4042   spi_io.o
        80         44        192          0       1024        848   startup_mkl25z4.o
       712         84          0          4          0       1591   system_mkl25z4.o

    ----------------------------------------------------------------------
     10832        622        444       5520       1548     166970   Object Totals
         0          0         32          0          0          0   (incl. Generated)
        10          0          4         11          0          0   (incl. Padding)

    ----------------------------------------------------------------------

      Code (inc. data)   RO Data    RW Data    ZI Data      Debug   Library Member Name

        58          0          0          0          0          0   __dczerorl.o
         8          0          0          0          0         68   __main.o
         0          0          0          0          0          0   __rtentry.o
        20          0          0          0          0          0   __rtentry2.o
         6          0          0          0          0          0   __rtentry4.o
        60          8          0          0          0          0   __scatter.o
        28          0          0          0          0          0   __scatter_zi.o
       346          0          0          0          0         92   aeabi_sdiv.o
        16          0          0          0          0         68   exit.o
         6          0          0          0          0        136   heapauxi.o
         0          0          0          0          0          0   indicate_semi.o
         2          0          0          0          0          0   libinit.o
         2          0          0          0          0          0   libinit2.o
         2          0          0          0          0          0   libshutdown.o
         2          0          0          0          0          0   libshutdown2.o
         8          4          0          0         96         68   libspace.o
        64          0          0          0          0        108   rt_memclr.o
       186          0          0          0          0        144   rt_memcpy.o
         2          0          0          0          0          0   rtexit.o
        10          0          0          0          0          0   rtexit2.o
        12          4          0          0          0         60   sys_exit.o
        62          0          0          0          0         80   sys_stackheap_outer.o
         2          0          0          0          0         68   use_no_semi.o

    ----------------------------------------------------------------------
       908         16          0          0        100        892   Library Totals
         6          0          0          0          4          0   (incl. Padding)

    ----------------------------------------------------------------------

      Code (inc. data)   RO Data    RW Data    ZI Data      Debug   Library Name

       902         16          0          0         96        892   c_p.l

    ----------------------------------------------------------------------
       908         16          0          0        100        892   Library Totals

    ----------------------------------------------------------------------

==============================================================================


      Code (inc. data)   RO Data    RW Data    ZI Data      Debug   

     11740        638        444       5520       1648     160710   Grand Totals
     11740        638        444         60       1648     160710   ELF Image Totals (compressed)
     11740        638        444         60          0          0   ROM Totals

==============================================================================

    Total RO  Size (Code + RO Data)                12184 (  11.90kB)
    Total RW  Size (RW Data + ZI Data)              7168 (   7.00kB)
    Total ROM Size (Code + RO Data + RW Data)      12244 (  11.96kB)

==============================================================================

